pikender@Pikenders-MacBook-Pro:~/elixir/heroku_demo_deploy$ mix run --no-halt
Compiled lib/heroku_demo_deploy.ex
Compiled web/channels/user_socket.ex
Compiled web/views/error_helpers.ex
Compiled web/web.ex
Compiled web/gettext.ex
Compiled lib/heroku_demo_deploy/repo.ex
Compiled web/models/user.ex
Compiled web/views/error_view.ex
Compiled web/views/page_view.ex
Compiled web/controllers/page_controller.ex
Compiled web/views/layout_view.ex
Compiled web/controllers/user_controller.ex
Compiled web/router.ex
Compiled web/views/user_view.ex
Compiled lib/heroku_demo_deploy/endpoint.ex
Generated heroku_demo_deploy app
Consolidated Poison.Decoder
Consolidated Ecto.DataType
Consolidated Phoenix.HTML.FormData
Consolidated DBConnection.Query
Consolidated List.Chars
Consolidated Plug.Exception
Consolidated Phoenix.Param
Consolidated Ecto.Queryable
Consolidated Collectable
Consolidated Enumerable
Consolidated Phoenix.HTML.Safe
Consolidated String.Chars
Consolidated IEx.Info
Consolidated Poison.Encoder
Consolidated Inspect

^C
BREAK: (a)bort (c)ontinue (p)roc info (i)nfo (l)oaded
       (v)ersion (k)ill (D)b-tables (d)istribution
^Cpikender@Pikenders-MacBook-Pro:~/elixir/heroku_demo_deploy$ mix run
pikender@Pikenders-MacBook-Pro:~/elixir/heroku_demo_deploy$ mix run
pikender@Pikenders-MacBook-Pro:~/elixir/heroku_demo_deploy$ mix run --no-halt
^C
BREAK: (a)bort (c)ontinue (p)roc info (i)nfo (l)oaded
       (v)ersion (k)ill (D)b-tables (d)istribution
^Cpikender@Pikenders-MacBook-Pro:~/elixir/heroku_demo_deploy$ ps -ef | grep mix
  501 17583 17433   0  1:24PM ttys012    0:00.01 grep mix
pikender@Pikenders-MacBook-Pro:~/elixir/heroku_demo_deploy$ mix run --no-halt
^C
BREAK: (a)bort (c)ontinue (p)roc info (i)nfo (l)oaded
       (v)ersion (k)ill (D)b-tables (d)istribution
^Cpikender@Pikenders-MacBook-Pro:~/elixir/heroku_demo_deploy$ heroku buildpacks
=== secret-anchorage-87421 Buildpack URLs
1. https://github.com/HashNuke/heroku-buildpack-elixir.git
2. https://github.com/gjaldon/heroku-buildpack-phoenix-static.git
pikender@Pikenders-MacBook-Pro:~/elixir/heroku_demo_deploy$ heroku buildpacks:set https://github.com/HashNuke/heroku-buildpack-elixir.git
 â–¸    The buildpack https://github.com/HashNuke/heroku-buildpack-elixir.git is already set on your app.
pikender@Pikenders-MacBook-Pro:~/elixir/heroku_demo_deploy$ heroku buildpacks
=== secret-anchorage-87421 Buildpack URLs
1. https://github.com/HashNuke/heroku-buildpack-elixir.git
2. https://github.com/gjaldon/heroku-buildpack-phoenix-static.git
pikender@Pikenders-MacBook-Pro:~/elixir/heroku_demo_deploy$ heroku buildpacks:clear
Buildpacks cleared. Next release on secret-anchorage-87421 will detect buildpack normally.
pikender@Pikenders-MacBook-Pro:~/elixir/heroku_demo_deploy$ heroku buildpacks
secret-anchorage-87421 has no Buildpack URL set.
pikender@Pikenders-MacBook-Pro:~/elixir/heroku_demo_deploy$ heroku buildpacks:set https://github.com/HashNuke/heroku-buildpack-elixir.git
Buildpack set. Next release on secret-anchorage-87421 will use https://github.com/HashNuke/heroku-buildpack-elixir.git.
Run git push heroku master to create a new release using this buildpack.
pikender@Pikenders-MacBook-Pro:~/elixir/heroku_demo_deploy$ git push heroku master
Everything up-to-date
pikender@Pikenders-MacBook-Pro:~/elixir/heroku_demo_deploy$ vim config/prod.exs
pikender@Pikenders-MacBook-Pro:~/elixir/heroku_demo_deploy$ git status
On branch master
Changes not staged for commit:
  (use "git add <file>..." to update what will be committed)
  (use "git checkout -- <file>..." to discard changes in working directory)

	modified:   config/prod.exs

Untracked files:
  (use "git add <file>..." to include in what will be committed)

	heroku.deploy.log

no changes added to commit (use "git add" and/or "git commit -a")
pikender@Pikenders-MacBook-Pro:~/elixir/heroku_demo_deploy$ git commit -am "Check with only elixir buildpack"
[master 97d4a89] Check with only elixir buildpack
 1 file changed, 1 insertion(+)
pikender@Pikenders-MacBook-Pro:~/elixir/heroku_demo_deploy$ git status
On branch master
Untracked files:
  (use "git add <file>..." to include in what will be committed)

	heroku.deploy.log

nothing added to commit but untracked files present (use "git add" to track)
pikender@Pikenders-MacBook-Pro:~/elixir/heroku_demo_deploy$ git push heroku master
Counting objects: 4, done.
Delta compression using up to 8 threads.
Compressing objects: 100% (4/4), done.
Writing objects: 100% (4/4), 369 bytes | 0 bytes/s, done.
Total 4 (delta 3), reused 0 (delta 0)
remote: Compressing source files... done.
remote: Building source:
remote:
remote: -----> Fetching set buildpack https://github.com/HashNuke/heroku-buildpack-elixir.git... done
remote: -----> elixir app detected
remote: -----> Checking Erlang and Elixir versions
remote:        WARNING: elixir_buildpack.config wasn't found in the app
remote:        Using default config from Elixir buildpack
remote:        Will use the following versions:
remote:        * Stack cedar-14
remote:        * Erlang 18.1.3
remote:        * Elixir 1.2.0
remote:        Will export the following config vars:
remote:        * Config vars DATABASE_URL
remote:        * MIX_ENV=prod
remote: -----> Using cached Erlang 18.1.3
remote: -----> Installing Erlang 18.1.3
remote:
remote: -----> Using cached Elixir v1.2.0
remote: -----> Installing Elixir v1.2.0
remote: -----> Installing Hex
remote: * creating /app/.mix/archives/hex-0.10.4.ez
remote: -----> Installing rebar
remote: * creating /app/.mix/rebar
remote: * creating /app/.mix/rebar3
remote: -----> Fetching app dependencies with mix
remote: Running dependency resolution
remote: All dependencies up to date
remote: -----> Copying hex from /app/.mix/archives/hex-0.10.4.ez
remote: -----> Compiling
remote: Compiled lib/heroku_demo_deploy.ex
remote: Compiled lib/heroku_demo_deploy/repo.ex
remote: Compiled web/channels/user_socket.ex
remote: Compiled web/views/error_helpers.ex
remote: Compiled web/gettext.ex
remote: Compiled web/web.ex
remote: Compiled web/models/user.ex
remote: Compiled web/controllers/page_controller.ex
remote: Compiled web/router.ex
remote: Compiled web/controllers/user_controller.ex
remote: Compiled web/views/error_view.ex
remote: Compiled lib/heroku_demo_deploy/endpoint.ex
remote: Compiled web/views/layout_view.ex
remote: Compiled web/views/page_view.ex
remote: Compiled web/views/user_view.ex
remote: Generated heroku_demo_deploy app
remote: Consolidated Poison.Decoder
remote: Consolidated Plug.Exception
remote: Consolidated DBConnection.Query
remote: Consolidated Ecto.DataType
remote: Consolidated Phoenix.HTML.FormData
remote: Consolidated List.Chars
remote: Consolidated Ecto.Queryable
remote: Consolidated Phoenix.Param
remote: Consolidated Collectable
remote: Consolidated Enumerable
remote: Consolidated Phoenix.HTML.Safe
remote: Consolidated String.Chars
remote: Consolidated IEx.Info
remote: Consolidated Poison.Encoder
remote: Consolidated Inspect
remote: -----> Creating .profile.d with env vars
remote:
remote: -----> Discovering process types
remote:        Procfile declares types     -> (none)
remote:        Default types for buildpack -> web
remote:
remote: -----> Compressing...
remote:        Done: 67.2M
remote: -----> Launching...
remote:        Released v5
remote:        https://secret-anchorage-87421.herokuapp.com/ deployed to Heroku
remote:
remote: Verifying deploy... done.
To https://git.heroku.com/secret-anchorage-87421.git
   2145ae0..97d4a89  master -> master
pikender@Pikenders-MacBook-Pro:~/elixir/heroku_demo_deploy$ heroku logs
Uninstalling deprecated ddollar/heroku-accounts plugin...Done. Use https://github.com/heroku/heroku-accounts instead. !    No account specified.
 !
 !    Run this command with --account <account name>
 !
 !    You can also add it as a git config attribute with:
 !      git config heroku.account work
pikender@Pikenders-MacBook-Pro:~/elixir/heroku_demo_deploy$ heroku login
Enter your Heroku credentials.
Email: pikender@vinsol.com
Password (typing will be hidden):
Logged in as pikender@vinsol.com
pikender@Pikenders-MacBook-Pro:~/elixir/heroku_demo_deploy$ heroku login
Enter your Heroku credentials.
Email: ^Cpikender@Pikenders-MacBook-Pro:~/elixir/heroku_demo_deploy$
pikender@Pikenders-MacBook-Pro:~/elixir/heroku_demo_deploy$ heroku logs
2016-02-12T07:12:31.750434+00:00 heroku[api]: Enable Logplex by pikender@vinsol.com
2016-02-12T07:12:31.750488+00:00 heroku[api]: Release v2 created by pikender@vinsol.com
2016-02-12T07:16:29.403578+00:00 heroku[api]: Set SECRET_KEY_BASE config vars by pikender@vinsol.com
2016-02-12T07:16:29.403615+00:00 heroku[api]: Release v3 created by pikender@vinsol.com
2016-02-12T07:17:03.080329+00:00 heroku[slug-compiler]: Slug compilation started
2016-02-12T07:17:03.080336+00:00 heroku[slug-compiler]: Slug compilation failed: failed to compile elixir app
2016-02-12T07:18:48.202572+00:00 heroku[slug-compiler]: Slug compilation started
2016-02-12T07:18:48.202582+00:00 heroku[slug-compiler]: Slug compilation failed: failed to compile elixir app
2016-02-12T07:28:46.115402+00:00 heroku[api]: Scale to web=1 by pikender@vinsol.com
2016-02-12T07:28:46.188746+00:00 heroku[api]: Deploy 2145ae0 by pikender@vinsol.com
2016-02-12T07:28:46.188746+00:00 heroku[api]: Release v4 created by pikender@vinsol.com
2016-02-12T07:28:46.320753+00:00 heroku[slug-compiler]: Slug compilation started
2016-02-12T07:28:46.320758+00:00 heroku[slug-compiler]: Slug compilation finished
2016-02-12T07:28:50.709866+00:00 heroku[web.1]: Starting process with command `mix phoenix.server`
2016-02-12T07:28:55.473736+00:00 app[web.1]: 07:28:55.473 [info] Running HerokuDemoDeploy.Endpoint with Cowboy using http on port 57534
2016-02-12T07:28:56.153483+00:00 heroku[web.1]: State changed from starting to up
2016-02-12T07:29:34.790957+00:00 heroku[router]: at=info method=GET path="/" host=secret-anchorage-87421.herokuapp.com request_id=536cb171-c1a1-45d4-a659-680c5777f141 fwd="119.82.78.186" dyno=web.1 connect=1ms service=65ms status=200 bytes=2351
2016-02-12T07:29:34.739017+00:00 app[web.1]: 07:29:34.738 request_id=536cb171-c1a1-45d4-a659-680c5777f141 [info] GET /
2016-02-12T07:29:34.784020+00:00 app[web.1]: 07:29:34.783 request_id=536cb171-c1a1-45d4-a659-680c5777f141 [info] Sent 200 in 44ms
2016-02-12T07:29:35.107354+00:00 heroku[router]: at=info method=GET path="/css/app-5e49e18ffe3f6041d11d8c46f2af7a3d.css?vsn=d" host=secret-anchorage-87421.herokuapp.com request_id=39af12f2-d868-4f6c-ab73-19931798d039 fwd="119.82.78.186" dyno=web.1 connect=1ms service=12ms status=200 bytes=119423
2016-02-12T07:29:35.112821+00:00 heroku[router]: at=info method=GET path="/js/app-bb3eeaa5d5ecca6616599f0610bea880.js?vsn=d" host=secret-anchorage-87421.herokuapp.com request_id=f65dc382-1808-4e30-8921-c5b0caccdff2 fwd="119.82.78.186" dyno=web.1 connect=2ms service=5ms status=200 bytes=16408
2016-02-12T07:29:36.111974+00:00 heroku[router]: at=info method=GET path="/images/phoenix-5bd99a0d17dd41bc9d9bf6840abcc089.png?vsn=d" host=secret-anchorage-87421.herokuapp.com request_id=93fe3307-1739-467f-9abf-919b7dfe60c8 fwd="119.82.78.186" dyno=web.1 connect=1ms service=2ms status=200 bytes=14125
2016-02-12T07:29:36.443895+00:00 heroku[router]: at=info method=GET path="/favicon.ico" host=secret-anchorage-87421.herokuapp.com request_id=17a578c3-6d36-489a-8a99-fb26c599b61f fwd="119.82.78.186" dyno=web.1 connect=2ms service=16ms status=200 bytes=1494
2016-02-12T08:01:19.494140+00:00 heroku[web.1]: Idling
2016-02-12T08:01:19.494836+00:00 heroku[web.1]: State changed from up to down
2016-02-12T08:01:19.499220+00:00 heroku[web.1]: State changed from down to starting
2016-02-12T08:01:24.419762+00:00 heroku[web.1]: Stopping all processes with SIGTERM
2016-02-12T08:01:25.313463+00:00 heroku[web.1]: Starting process with command `mix phoenix.server`
2016-02-12T08:01:26.694207+00:00 heroku[web.1]: Process exited with status 143
2016-02-12T08:01:28.846196+00:00 app[web.1]: 08:01:28.846 [info] Running HerokuDemoDeploy.Endpoint with Cowboy using http on port 28250
2016-02-12T08:01:29.400242+00:00 heroku[web.1]: State changed from starting to up
2016-02-12T08:02:39.766991+00:00 heroku[api]: Deploy 97d4a89 by pikender@vinsol.com
2016-02-12T08:02:39.766991+00:00 heroku[api]: Release v5 created by pikender@vinsol.com
2016-02-12T08:02:39.939395+00:00 heroku[slug-compiler]: Slug compilation started
2016-02-12T08:02:39.939405+00:00 heroku[slug-compiler]: Slug compilation finished
2016-02-12T08:02:39.888715+00:00 heroku[web.1]: State changed from up to starting
2016-02-12T08:02:44.437561+00:00 heroku[web.1]: Starting process with command `mix run --no-halt`
2016-02-12T08:02:44.719298+00:00 heroku[web.1]: Stopping all processes with SIGTERM
2016-02-12T08:02:47.163729+00:00 heroku[web.1]: Process exited with status 143
2016-02-12T08:02:48.761648+00:00 app[web.1]: 08:02:48.761 [error] Could not find static manifest at "/app/_build/prod/lib/heroku_demo_deploy/priv/static/manifest.json". Run "mix phoenix.digest" after building your static files or remove the configuration from "config/prod.exs."
2016-02-12T08:03:44.608307+00:00 heroku[web.1]: Error R10 (Boot timeout) -> Web process failed to bind to $PORT within 60 seconds of launch
2016-02-12T08:03:44.608307+00:00 heroku[web.1]: Stopping process with SIGKILL
2016-02-12T08:03:45.442101+00:00 heroku[web.1]: State changed from starting to crashed
2016-02-12T08:03:45.443013+00:00 heroku[web.1]: State changed from crashed to starting
2016-02-12T08:03:45.402563+00:00 heroku[web.1]: Process exited with status 137
2016-02-12T08:03:48.792555+00:00 heroku[web.1]: Starting process with command `mix run --no-halt`
2016-02-12T08:03:52.239530+00:00 app[web.1]: 08:03:52.239 [error] Could not find static manifest at "/app/_build/prod/lib/heroku_demo_deploy/priv/static/manifest.json". Run "mix phoenix.digest" after building your static files or remove the configuration from "config/prod.exs."
2016-02-12T08:04:23.401249+00:00 heroku[router]: at=error code=H20 desc="App boot timeout" method=GET path="/" host=secret-anchorage-87421.herokuapp.com request_id=28a262be-00bb-4838-b45b-8456500c5cb7 fwd="119.82.78.186" dyno= connect= service= status=503 bytes=
2016-02-12T08:04:49.190653+00:00 heroku[web.1]: Error R10 (Boot timeout) -> Web process failed to bind to $PORT within 60 seconds of launch
2016-02-12T08:04:49.190653+00:00 heroku[web.1]: Stopping process with SIGKILL
2016-02-12T08:04:50.278378+00:00 heroku[web.1]: Process exited with status 137
2016-02-12T08:04:50.288575+00:00 heroku[web.1]: State changed from starting to crashed
2016-02-12T08:04:50.942145+00:00 heroku[router]: at=error code=H10 desc="App crashed" method=GET path="/" host=secret-anchorage-87421.herokuapp.com request_id=cfe1b896-4b7a-4db0-b875-04f0d46ac370 fwd="119.82.78.186" dyno= connect= service= status=503 bytes=
2016-02-12T08:04:51.022228+00:00 heroku[router]: at=error code=H10 desc="App crashed" method=GET path="/" host=secret-anchorage-87421.herokuapp.com request_id=c76e8f5e-4889-4d0d-b020-d9a5e0b0c587 fwd="119.82.78.186" dyno= connect= service= status=503 bytes=
pikender@Pikenders-MacBook-Pro:~/elixir/heroku_demo_deploy$ vim config/prod.exs
pikender@Pikenders-MacBook-Pro:~/elixir/heroku_demo_deploy$ git commit -am "Avoided Error **Could not find static manifest at**"
[master 8c1c834] Avoided Error **Could not find static manifest at**
 1 file changed, 1 insertion(+), 1 deletion(-)
pikender@Pikenders-MacBook-Pro:~/elixir/heroku_demo_deploy$ git push heroku master
Counting objects: 4, done.
Delta compression using up to 8 threads.
Compressing objects: 100% (4/4), done.
Writing objects: 100% (4/4), 387 bytes | 0 bytes/s, done.
Total 4 (delta 3), reused 0 (delta 0)
remote: Compressing source files... done.
remote: Building source:
remote:
remote: -----> Fetching set buildpack https://github.com/HashNuke/heroku-buildpack-elixir.git... done
remote: -----> elixir app detected
remote: -----> Checking Erlang and Elixir versions
remote:        WARNING: elixir_buildpack.config wasn't found in the app
remote:        Using default config from Elixir buildpack
remote:        Will use the following versions:
remote:        * Stack cedar-14
remote:        * Erlang 18.1.3
remote:        * Elixir 1.2.0
remote:        Will export the following config vars:
remote:        * Config vars DATABASE_URL
remote:        * MIX_ENV=prod
remote: -----> Using cached Erlang 18.1.3
remote: -----> Installing Erlang 18.1.3
remote:
remote: -----> Using cached Elixir v1.2.0
remote: -----> Installing Elixir v1.2.0
remote: -----> Installing Hex
remote: * creating /app/.mix/archives/hex-0.10.4.ez
remote: -----> Installing rebar
remote: * creating /app/.mix/rebar
remote: * creating /app/.mix/rebar3
remote: -----> Fetching app dependencies with mix
remote: Running dependency resolution
remote: All dependencies up to date
remote: -----> Copying hex from /app/.mix/archives/hex-0.10.4.ez
remote: -----> Compiling
remote: Compiled lib/heroku_demo_deploy.ex
remote: Compiled lib/heroku_demo_deploy/repo.ex
remote: Compiled web/channels/user_socket.ex
remote: Compiled web/views/error_helpers.ex
remote: Compiled web/gettext.ex
remote: Compiled web/web.ex
remote: Compiled web/models/user.ex
remote: Compiled web/controllers/page_controller.ex
remote: Compiled web/router.ex
remote: Compiled web/controllers/user_controller.ex
remote: Compiled web/views/error_view.ex
remote: Compiled lib/heroku_demo_deploy/endpoint.ex
remote: Compiled web/views/layout_view.ex
remote: Compiled web/views/page_view.ex
remote: Compiled web/views/user_view.ex
remote: Generated heroku_demo_deploy app
remote: Consolidated Poison.Decoder
remote: Consolidated Ecto.DataType
remote: Consolidated Phoenix.HTML.FormData
remote: Consolidated DBConnection.Query
remote: Consolidated Ecto.Queryable
remote: Consolidated List.Chars
remote: Consolidated Plug.Exception
remote: Consolidated Phoenix.Param
remote: Consolidated Collectable
remote: Consolidated Enumerable
remote: Consolidated Phoenix.HTML.Safe
remote: Consolidated String.Chars
remote: Consolidated IEx.Info
remote: Consolidated Poison.Encoder
remote: Consolidated Inspect
remote: -----> Creating .profile.d with env vars
remote:
remote: -----> Discovering process types
remote:        Procfile declares types     -> (none)
remote:        Default types for buildpack -> web
remote:
remote: -----> Compressing...
remote:        Done: 67.2M
remote: -----> Launching...
remote:        Released v6
remote:        https://secret-anchorage-87421.herokuapp.com/ deployed to Heroku
remote:
remote: Verifying deploy... done.
To https://git.heroku.com/secret-anchorage-87421.git
   97d4a89..8c1c834  master -> master
pikender@Pikenders-MacBook-Pro:~/elixir/heroku_demo_deploy$ heroku logs
2016-02-12T07:12:31.750434+00:00 heroku[api]: Enable Logplex by pikender@vinsol.com
2016-02-12T07:12:31.750488+00:00 heroku[api]: Release v2 created by pikender@vinsol.com
2016-02-12T07:16:29.403578+00:00 heroku[api]: Set SECRET_KEY_BASE config vars by pikender@vinsol.com
2016-02-12T07:16:29.403615+00:00 heroku[api]: Release v3 created by pikender@vinsol.com
2016-02-12T07:17:03.080329+00:00 heroku[slug-compiler]: Slug compilation started
2016-02-12T07:17:03.080336+00:00 heroku[slug-compiler]: Slug compilation failed: failed to compile elixir app
2016-02-12T07:18:48.202572+00:00 heroku[slug-compiler]: Slug compilation started
2016-02-12T07:18:48.202582+00:00 heroku[slug-compiler]: Slug compilation failed: failed to compile elixir app
2016-02-12T07:28:46.115402+00:00 heroku[api]: Scale to web=1 by pikender@vinsol.com
2016-02-12T07:28:46.188746+00:00 heroku[api]: Deploy 2145ae0 by pikender@vinsol.com
2016-02-12T07:28:46.188746+00:00 heroku[api]: Release v4 created by pikender@vinsol.com
2016-02-12T07:28:46.320753+00:00 heroku[slug-compiler]: Slug compilation started
2016-02-12T07:28:46.320758+00:00 heroku[slug-compiler]: Slug compilation finished
2016-02-12T07:28:50.709866+00:00 heroku[web.1]: Starting process with command `mix phoenix.server`
2016-02-12T07:28:55.473736+00:00 app[web.1]: 07:28:55.473 [info] Running HerokuDemoDeploy.Endpoint with Cowboy using http on port 57534
2016-02-12T07:28:56.153483+00:00 heroku[web.1]: State changed from starting to up
2016-02-12T07:29:34.790957+00:00 heroku[router]: at=info method=GET path="/" host=secret-anchorage-87421.herokuapp.com request_id=536cb171-c1a1-45d4-a659-680c5777f141 fwd="119.82.78.186" dyno=web.1 connect=1ms service=65ms status=200 bytes=2351
2016-02-12T07:29:34.739017+00:00 app[web.1]: 07:29:34.738 request_id=536cb171-c1a1-45d4-a659-680c5777f141 [info] GET /
2016-02-12T07:29:34.784020+00:00 app[web.1]: 07:29:34.783 request_id=536cb171-c1a1-45d4-a659-680c5777f141 [info] Sent 200 in 44ms
2016-02-12T07:29:35.107354+00:00 heroku[router]: at=info method=GET path="/css/app-5e49e18ffe3f6041d11d8c46f2af7a3d.css?vsn=d" host=secret-anchorage-87421.herokuapp.com request_id=39af12f2-d868-4f6c-ab73-19931798d039 fwd="119.82.78.186" dyno=web.1 connect=1ms service=12ms status=200 bytes=119423
2016-02-12T07:29:35.112821+00:00 heroku[router]: at=info method=GET path="/js/app-bb3eeaa5d5ecca6616599f0610bea880.js?vsn=d" host=secret-anchorage-87421.herokuapp.com request_id=f65dc382-1808-4e30-8921-c5b0caccdff2 fwd="119.82.78.186" dyno=web.1 connect=2ms service=5ms status=200 bytes=16408
2016-02-12T07:29:36.111974+00:00 heroku[router]: at=info method=GET path="/images/phoenix-5bd99a0d17dd41bc9d9bf6840abcc089.png?vsn=d" host=secret-anchorage-87421.herokuapp.com request_id=93fe3307-1739-467f-9abf-919b7dfe60c8 fwd="119.82.78.186" dyno=web.1 connect=1ms service=2ms status=200 bytes=14125
2016-02-12T07:29:36.443895+00:00 heroku[router]: at=info method=GET path="/favicon.ico" host=secret-anchorage-87421.herokuapp.com request_id=17a578c3-6d36-489a-8a99-fb26c599b61f fwd="119.82.78.186" dyno=web.1 connect=2ms service=16ms status=200 bytes=1494
2016-02-12T08:01:19.494140+00:00 heroku[web.1]: Idling
2016-02-12T08:01:19.494836+00:00 heroku[web.1]: State changed from up to down
2016-02-12T08:01:19.499220+00:00 heroku[web.1]: State changed from down to starting
2016-02-12T08:01:24.419762+00:00 heroku[web.1]: Stopping all processes with SIGTERM
2016-02-12T08:01:25.313463+00:00 heroku[web.1]: Starting process with command `mix phoenix.server`
2016-02-12T08:01:26.694207+00:00 heroku[web.1]: Process exited with status 143
2016-02-12T08:01:28.846196+00:00 app[web.1]: 08:01:28.846 [info] Running HerokuDemoDeploy.Endpoint with Cowboy using http on port 28250
2016-02-12T08:01:29.400242+00:00 heroku[web.1]: State changed from starting to up
2016-02-12T08:02:39.766991+00:00 heroku[api]: Deploy 97d4a89 by pikender@vinsol.com
2016-02-12T08:02:39.766991+00:00 heroku[api]: Release v5 created by pikender@vinsol.com
2016-02-12T08:02:39.939395+00:00 heroku[slug-compiler]: Slug compilation started
2016-02-12T08:02:39.939405+00:00 heroku[slug-compiler]: Slug compilation finished
2016-02-12T08:02:39.888715+00:00 heroku[web.1]: State changed from up to starting
2016-02-12T08:02:44.437561+00:00 heroku[web.1]: Starting process with command `mix run --no-halt`
2016-02-12T08:02:44.719298+00:00 heroku[web.1]: Stopping all processes with SIGTERM
2016-02-12T08:02:47.163729+00:00 heroku[web.1]: Process exited with status 143
2016-02-12T08:02:48.761648+00:00 app[web.1]: 08:02:48.761 [error] Could not find static manifest at "/app/_build/prod/lib/heroku_demo_deploy/priv/static/manifest.json". Run "mix phoenix.digest" after building your static files or remove the configuration from "config/prod.exs."
2016-02-12T08:03:44.608307+00:00 heroku[web.1]: Error R10 (Boot timeout) -> Web process failed to bind to $PORT within 60 seconds of launch
2016-02-12T08:03:44.608307+00:00 heroku[web.1]: Stopping process with SIGKILL
2016-02-12T08:03:45.442101+00:00 heroku[web.1]: State changed from starting to crashed
2016-02-12T08:03:45.443013+00:00 heroku[web.1]: State changed from crashed to starting
2016-02-12T08:03:45.402563+00:00 heroku[web.1]: Process exited with status 137
2016-02-12T08:03:48.792555+00:00 heroku[web.1]: Starting process with command `mix run --no-halt`
2016-02-12T08:03:52.239530+00:00 app[web.1]: 08:03:52.239 [error] Could not find static manifest at "/app/_build/prod/lib/heroku_demo_deploy/priv/static/manifest.json". Run "mix phoenix.digest" after building your static files or remove the configuration from "config/prod.exs."
2016-02-12T08:04:23.401249+00:00 heroku[router]: at=error code=H20 desc="App boot timeout" method=GET path="/" host=secret-anchorage-87421.herokuapp.com request_id=28a262be-00bb-4838-b45b-8456500c5cb7 fwd="119.82.78.186" dyno= connect= service= status=503 bytes=
2016-02-12T08:04:49.190653+00:00 heroku[web.1]: Error R10 (Boot timeout) -> Web process failed to bind to $PORT within 60 seconds of launch
2016-02-12T08:04:49.190653+00:00 heroku[web.1]: Stopping process with SIGKILL
2016-02-12T08:04:50.278378+00:00 heroku[web.1]: Process exited with status 137
2016-02-12T08:04:50.288575+00:00 heroku[web.1]: State changed from starting to crashed
2016-02-12T08:04:50.942145+00:00 heroku[router]: at=error code=H10 desc="App crashed" method=GET path="/" host=secret-anchorage-87421.herokuapp.com request_id=cfe1b896-4b7a-4db0-b875-04f0d46ac370 fwd="119.82.78.186" dyno= connect= service= status=503 bytes=
2016-02-12T08:04:51.022228+00:00 heroku[router]: at=error code=H10 desc="App crashed" method=GET path="/" host=secret-anchorage-87421.herokuapp.com request_id=c76e8f5e-4889-4d0d-b020-d9a5e0b0c587 fwd="119.82.78.186" dyno= connect= service= status=503 bytes=
2016-02-12T08:08:36.878253+00:00 heroku[api]: Deploy 8c1c834 by pikender@vinsol.com
2016-02-12T08:08:36.878253+00:00 heroku[api]: Release v6 created by pikender@vinsol.com
2016-02-12T08:08:37.076146+00:00 heroku[slug-compiler]: Slug compilation finished
2016-02-12T08:08:37.076141+00:00 heroku[slug-compiler]: Slug compilation started
2016-02-12T08:08:36.988543+00:00 heroku[web.1]: State changed from crashed to starting
2016-02-12T08:08:39.973691+00:00 heroku[web.1]: Starting process with command `mix run --no-halt`
pikender@Pikenders-MacBook-Pro:~/elixir/heroku_demo_deploy$ heroku logs
2016-02-12T07:12:31.750434+00:00 heroku[api]: Enable Logplex by pikender@vinsol.com
2016-02-12T07:12:31.750488+00:00 heroku[api]: Release v2 created by pikender@vinsol.com
2016-02-12T07:16:29.403578+00:00 heroku[api]: Set SECRET_KEY_BASE config vars by pikender@vinsol.com
2016-02-12T07:16:29.403615+00:00 heroku[api]: Release v3 created by pikender@vinsol.com
2016-02-12T07:17:03.080329+00:00 heroku[slug-compiler]: Slug compilation started
2016-02-12T07:17:03.080336+00:00 heroku[slug-compiler]: Slug compilation failed: failed to compile elixir app
2016-02-12T07:18:48.202572+00:00 heroku[slug-compiler]: Slug compilation started
2016-02-12T07:18:48.202582+00:00 heroku[slug-compiler]: Slug compilation failed: failed to compile elixir app
2016-02-12T07:28:46.115402+00:00 heroku[api]: Scale to web=1 by pikender@vinsol.com
2016-02-12T07:28:46.188746+00:00 heroku[api]: Deploy 2145ae0 by pikender@vinsol.com
2016-02-12T07:28:46.188746+00:00 heroku[api]: Release v4 created by pikender@vinsol.com
2016-02-12T07:28:46.320753+00:00 heroku[slug-compiler]: Slug compilation started
2016-02-12T07:28:46.320758+00:00 heroku[slug-compiler]: Slug compilation finished
2016-02-12T07:28:50.709866+00:00 heroku[web.1]: Starting process with command `mix phoenix.server`
2016-02-12T07:28:55.473736+00:00 app[web.1]: 07:28:55.473 [info] Running HerokuDemoDeploy.Endpoint with Cowboy using http on port 57534
2016-02-12T07:28:56.153483+00:00 heroku[web.1]: State changed from starting to up
2016-02-12T07:29:34.790957+00:00 heroku[router]: at=info method=GET path="/" host=secret-anchorage-87421.herokuapp.com request_id=536cb171-c1a1-45d4-a659-680c5777f141 fwd="119.82.78.186" dyno=web.1 connect=1ms service=65ms status=200 bytes=2351
2016-02-12T07:29:34.739017+00:00 app[web.1]: 07:29:34.738 request_id=536cb171-c1a1-45d4-a659-680c5777f141 [info] GET /
2016-02-12T07:29:34.784020+00:00 app[web.1]: 07:29:34.783 request_id=536cb171-c1a1-45d4-a659-680c5777f141 [info] Sent 200 in 44ms
2016-02-12T07:29:35.107354+00:00 heroku[router]: at=info method=GET path="/css/app-5e49e18ffe3f6041d11d8c46f2af7a3d.css?vsn=d" host=secret-anchorage-87421.herokuapp.com request_id=39af12f2-d868-4f6c-ab73-19931798d039 fwd="119.82.78.186" dyno=web.1 connect=1ms service=12ms status=200 bytes=119423
2016-02-12T07:29:35.112821+00:00 heroku[router]: at=info method=GET path="/js/app-bb3eeaa5d5ecca6616599f0610bea880.js?vsn=d" host=secret-anchorage-87421.herokuapp.com request_id=f65dc382-1808-4e30-8921-c5b0caccdff2 fwd="119.82.78.186" dyno=web.1 connect=2ms service=5ms status=200 bytes=16408
2016-02-12T07:29:36.111974+00:00 heroku[router]: at=info method=GET path="/images/phoenix-5bd99a0d17dd41bc9d9bf6840abcc089.png?vsn=d" host=secret-anchorage-87421.herokuapp.com request_id=93fe3307-1739-467f-9abf-919b7dfe60c8 fwd="119.82.78.186" dyno=web.1 connect=1ms service=2ms status=200 bytes=14125
2016-02-12T07:29:36.443895+00:00 heroku[router]: at=info method=GET path="/favicon.ico" host=secret-anchorage-87421.herokuapp.com request_id=17a578c3-6d36-489a-8a99-fb26c599b61f fwd="119.82.78.186" dyno=web.1 connect=2ms service=16ms status=200 bytes=1494
2016-02-12T08:01:19.494140+00:00 heroku[web.1]: Idling
2016-02-12T08:01:19.494836+00:00 heroku[web.1]: State changed from up to down
2016-02-12T08:01:19.499220+00:00 heroku[web.1]: State changed from down to starting
2016-02-12T08:01:24.419762+00:00 heroku[web.1]: Stopping all processes with SIGTERM
2016-02-12T08:01:25.313463+00:00 heroku[web.1]: Starting process with command `mix phoenix.server`
2016-02-12T08:01:26.694207+00:00 heroku[web.1]: Process exited with status 143
2016-02-12T08:01:28.846196+00:00 app[web.1]: 08:01:28.846 [info] Running HerokuDemoDeploy.Endpoint with Cowboy using http on port 28250
2016-02-12T08:01:29.400242+00:00 heroku[web.1]: State changed from starting to up
2016-02-12T08:02:39.766991+00:00 heroku[api]: Deploy 97d4a89 by pikender@vinsol.com
2016-02-12T08:02:39.766991+00:00 heroku[api]: Release v5 created by pikender@vinsol.com
2016-02-12T08:02:39.939395+00:00 heroku[slug-compiler]: Slug compilation started
2016-02-12T08:02:39.939405+00:00 heroku[slug-compiler]: Slug compilation finished
2016-02-12T08:02:39.888715+00:00 heroku[web.1]: State changed from up to starting
2016-02-12T08:02:44.437561+00:00 heroku[web.1]: Starting process with command `mix run --no-halt`
2016-02-12T08:02:44.719298+00:00 heroku[web.1]: Stopping all processes with SIGTERM
2016-02-12T08:02:47.163729+00:00 heroku[web.1]: Process exited with status 143
2016-02-12T08:02:48.761648+00:00 app[web.1]: 08:02:48.761 [error] Could not find static manifest at "/app/_build/prod/lib/heroku_demo_deploy/priv/static/manifest.json". Run "mix phoenix.digest" after building your static files or remove the configuration from "config/prod.exs."
2016-02-12T08:03:44.608307+00:00 heroku[web.1]: Error R10 (Boot timeout) -> Web process failed to bind to $PORT within 60 seconds of launch
2016-02-12T08:03:44.608307+00:00 heroku[web.1]: Stopping process with SIGKILL
2016-02-12T08:03:45.442101+00:00 heroku[web.1]: State changed from starting to crashed
2016-02-12T08:03:45.443013+00:00 heroku[web.1]: State changed from crashed to starting
2016-02-12T08:03:45.402563+00:00 heroku[web.1]: Process exited with status 137
2016-02-12T08:03:48.792555+00:00 heroku[web.1]: Starting process with command `mix run --no-halt`
2016-02-12T08:03:52.239530+00:00 app[web.1]: 08:03:52.239 [error] Could not find static manifest at "/app/_build/prod/lib/heroku_demo_deploy/priv/static/manifest.json". Run "mix phoenix.digest" after building your static files or remove the configuration from "config/prod.exs."
2016-02-12T08:04:23.401249+00:00 heroku[router]: at=error code=H20 desc="App boot timeout" method=GET path="/" host=secret-anchorage-87421.herokuapp.com request_id=28a262be-00bb-4838-b45b-8456500c5cb7 fwd="119.82.78.186" dyno= connect= service= status=503 bytes=
2016-02-12T08:04:49.190653+00:00 heroku[web.1]: Error R10 (Boot timeout) -> Web process failed to bind to $PORT within 60 seconds of launch
2016-02-12T08:04:49.190653+00:00 heroku[web.1]: Stopping process with SIGKILL
2016-02-12T08:04:50.278378+00:00 heroku[web.1]: Process exited with status 137
2016-02-12T08:04:50.288575+00:00 heroku[web.1]: State changed from starting to crashed
2016-02-12T08:04:50.942145+00:00 heroku[router]: at=error code=H10 desc="App crashed" method=GET path="/" host=secret-anchorage-87421.herokuapp.com request_id=cfe1b896-4b7a-4db0-b875-04f0d46ac370 fwd="119.82.78.186" dyno= connect= service= status=503 bytes=
2016-02-12T08:04:51.022228+00:00 heroku[router]: at=error code=H10 desc="App crashed" method=GET path="/" host=secret-anchorage-87421.herokuapp.com request_id=c76e8f5e-4889-4d0d-b020-d9a5e0b0c587 fwd="119.82.78.186" dyno= connect= service= status=503 bytes=
2016-02-12T08:08:36.878253+00:00 heroku[api]: Deploy 8c1c834 by pikender@vinsol.com
2016-02-12T08:08:36.878253+00:00 heroku[api]: Release v6 created by pikender@vinsol.com
2016-02-12T08:08:37.076146+00:00 heroku[slug-compiler]: Slug compilation finished
2016-02-12T08:08:37.076141+00:00 heroku[slug-compiler]: Slug compilation started
2016-02-12T08:08:36.988543+00:00 heroku[web.1]: State changed from crashed to starting
2016-02-12T08:08:39.973691+00:00 heroku[web.1]: Starting process with command `mix run --no-halt`
pikender@Pikenders-MacBook-Pro:~/elixir/heroku_demo_deploy$ heroku logs --help
Usage: heroku logs

 display recent log output

 -n, --num NUM        # the number of lines to display
 -p, --ps PS          # only display logs from the given process
 -s, --source SOURCE  # only display logs from the given source
 -t, --tail           # continually stream logs
 --force-colors       # Force use of ANSI color characters (even on non-tty outputs)

Example:

 $ heroku logs
 2012-01-01T12:00:00+00:00 heroku[api]: Config add EXAMPLE by email@example.com
 2012-01-01T12:00:01+00:00 heroku[api]: Release v1 created by email@example.com

pikender@Pikenders-MacBook-Pro:~/elixir/heroku_demo_deploy$ heroku logs -t
2016-02-12T07:12:31.750434+00:00 heroku[api]: Enable Logplex by pikender@vinsol.com
2016-02-12T07:12:31.750488+00:00 heroku[api]: Release v2 created by pikender@vinsol.com
2016-02-12T07:16:29.403578+00:00 heroku[api]: Set SECRET_KEY_BASE config vars by pikender@vinsol.com
2016-02-12T07:16:29.403615+00:00 heroku[api]: Release v3 created by pikender@vinsol.com
2016-02-12T07:17:03.080329+00:00 heroku[slug-compiler]: Slug compilation started
2016-02-12T07:17:03.080336+00:00 heroku[slug-compiler]: Slug compilation failed: failed to compile elixir app
2016-02-12T07:18:48.202572+00:00 heroku[slug-compiler]: Slug compilation started
2016-02-12T07:18:48.202582+00:00 heroku[slug-compiler]: Slug compilation failed: failed to compile elixir app
2016-02-12T07:28:46.115402+00:00 heroku[api]: Scale to web=1 by pikender@vinsol.com
2016-02-12T07:28:46.188746+00:00 heroku[api]: Deploy 2145ae0 by pikender@vinsol.com
2016-02-12T07:28:46.188746+00:00 heroku[api]: Release v4 created by pikender@vinsol.com
2016-02-12T07:28:46.320753+00:00 heroku[slug-compiler]: Slug compilation started
2016-02-12T07:28:46.320758+00:00 heroku[slug-compiler]: Slug compilation finished
2016-02-12T07:28:50.709866+00:00 heroku[web.1]: Starting process with command `mix phoenix.server`
2016-02-12T07:28:55.473736+00:00 app[web.1]: 07:28:55.473 [info] Running HerokuDemoDeploy.Endpoint with Cowboy using http on port 57534
2016-02-12T07:28:56.153483+00:00 heroku[web.1]: State changed from starting to up
2016-02-12T07:29:34.790957+00:00 heroku[router]: at=info method=GET path="/" host=secret-anchorage-87421.herokuapp.com request_id=536cb171-c1a1-45d4-a659-680c5777f141 fwd="119.82.78.186" dyno=web.1 connect=1ms service=65ms status=200 bytes=2351
2016-02-12T07:29:34.739017+00:00 app[web.1]: 07:29:34.738 request_id=536cb171-c1a1-45d4-a659-680c5777f141 [info] GET /
2016-02-12T07:29:34.784020+00:00 app[web.1]: 07:29:34.783 request_id=536cb171-c1a1-45d4-a659-680c5777f141 [info] Sent 200 in 44ms
2016-02-12T07:29:35.107354+00:00 heroku[router]: at=info method=GET path="/css/app-5e49e18ffe3f6041d11d8c46f2af7a3d.css?vsn=d" host=secret-anchorage-87421.herokuapp.com request_id=39af12f2-d868-4f6c-ab73-19931798d039 fwd="119.82.78.186" dyno=web.1 connect=1ms service=12ms status=200 bytes=119423
2016-02-12T07:29:35.112821+00:00 heroku[router]: at=info method=GET path="/js/app-bb3eeaa5d5ecca6616599f0610bea880.js?vsn=d" host=secret-anchorage-87421.herokuapp.com request_id=f65dc382-1808-4e30-8921-c5b0caccdff2 fwd="119.82.78.186" dyno=web.1 connect=2ms service=5ms status=200 bytes=16408
2016-02-12T07:29:36.111974+00:00 heroku[router]: at=info method=GET path="/images/phoenix-5bd99a0d17dd41bc9d9bf6840abcc089.png?vsn=d" host=secret-anchorage-87421.herokuapp.com request_id=93fe3307-1739-467f-9abf-919b7dfe60c8 fwd="119.82.78.186" dyno=web.1 connect=1ms service=2ms status=200 bytes=14125
2016-02-12T07:29:36.443895+00:00 heroku[router]: at=info method=GET path="/favicon.ico" host=secret-anchorage-87421.herokuapp.com request_id=17a578c3-6d36-489a-8a99-fb26c599b61f fwd="119.82.78.186" dyno=web.1 connect=2ms service=16ms status=200 bytes=1494
2016-02-12T08:01:19.494140+00:00 heroku[web.1]: Idling
2016-02-12T08:01:19.494836+00:00 heroku[web.1]: State changed from up to down
2016-02-12T08:01:19.499220+00:00 heroku[web.1]: State changed from down to starting
2016-02-12T08:01:24.419762+00:00 heroku[web.1]: Stopping all processes with SIGTERM
2016-02-12T08:01:25.313463+00:00 heroku[web.1]: Starting process with command `mix phoenix.server`
2016-02-12T08:01:26.694207+00:00 heroku[web.1]: Process exited with status 143
2016-02-12T08:01:28.846196+00:00 app[web.1]: 08:01:28.846 [info] Running HerokuDemoDeploy.Endpoint with Cowboy using http on port 28250
2016-02-12T08:01:29.400242+00:00 heroku[web.1]: State changed from starting to up
2016-02-12T08:02:39.766991+00:00 heroku[api]: Deploy 97d4a89 by pikender@vinsol.com
2016-02-12T08:02:39.766991+00:00 heroku[api]: Release v5 created by pikender@vinsol.com
2016-02-12T08:02:39.939395+00:00 heroku[slug-compiler]: Slug compilation started
2016-02-12T08:02:39.939405+00:00 heroku[slug-compiler]: Slug compilation finished
2016-02-12T08:02:39.888715+00:00 heroku[web.1]: State changed from up to starting
2016-02-12T08:02:44.437561+00:00 heroku[web.1]: Starting process with command `mix run --no-halt`
2016-02-12T08:02:44.719298+00:00 heroku[web.1]: Stopping all processes with SIGTERM
2016-02-12T08:02:47.163729+00:00 heroku[web.1]: Process exited with status 143
2016-02-12T08:02:48.761648+00:00 app[web.1]: 08:02:48.761 [error] Could not find static manifest at "/app/_build/prod/lib/heroku_demo_deploy/priv/static/manifest.json". Run "mix phoenix.digest" after building your static files or remove the configuration from "config/prod.exs."
2016-02-12T08:03:44.608307+00:00 heroku[web.1]: Error R10 (Boot timeout) -> Web process failed to bind to $PORT within 60 seconds of launch
2016-02-12T08:03:44.608307+00:00 heroku[web.1]: Stopping process with SIGKILL
2016-02-12T08:03:45.442101+00:00 heroku[web.1]: State changed from starting to crashed
2016-02-12T08:03:45.443013+00:00 heroku[web.1]: State changed from crashed to starting
2016-02-12T08:03:45.402563+00:00 heroku[web.1]: Process exited with status 137
2016-02-12T08:03:48.792555+00:00 heroku[web.1]: Starting process with command `mix run --no-halt`
2016-02-12T08:03:52.239530+00:00 app[web.1]: 08:03:52.239 [error] Could not find static manifest at "/app/_build/prod/lib/heroku_demo_deploy/priv/static/manifest.json". Run "mix phoenix.digest" after building your static files or remove the configuration from "config/prod.exs."
2016-02-12T08:04:23.401249+00:00 heroku[router]: at=error code=H20 desc="App boot timeout" method=GET path="/" host=secret-anchorage-87421.herokuapp.com request_id=28a262be-00bb-4838-b45b-8456500c5cb7 fwd="119.82.78.186" dyno= connect= service= status=503 bytes=
2016-02-12T08:04:49.190653+00:00 heroku[web.1]: Error R10 (Boot timeout) -> Web process failed to bind to $PORT within 60 seconds of launch
2016-02-12T08:04:49.190653+00:00 heroku[web.1]: Stopping process with SIGKILL
2016-02-12T08:04:50.278378+00:00 heroku[web.1]: Process exited with status 137
2016-02-12T08:04:50.288575+00:00 heroku[web.1]: State changed from starting to crashed
2016-02-12T08:04:50.942145+00:00 heroku[router]: at=error code=H10 desc="App crashed" method=GET path="/" host=secret-anchorage-87421.herokuapp.com request_id=cfe1b896-4b7a-4db0-b875-04f0d46ac370 fwd="119.82.78.186" dyno= connect= service= status=503 bytes=
2016-02-12T08:04:51.022228+00:00 heroku[router]: at=error code=H10 desc="App crashed" method=GET path="/" host=secret-anchorage-87421.herokuapp.com request_id=c76e8f5e-4889-4d0d-b020-d9a5e0b0c587 fwd="119.82.78.186" dyno= connect= service= status=503 bytes=
2016-02-12T08:08:36.878253+00:00 heroku[api]: Deploy 8c1c834 by pikender@vinsol.com
2016-02-12T08:08:36.878253+00:00 heroku[api]: Release v6 created by pikender@vinsol.com
2016-02-12T08:08:37.076146+00:00 heroku[slug-compiler]: Slug compilation finished
2016-02-12T08:08:37.076141+00:00 heroku[slug-compiler]: Slug compilation started
2016-02-12T08:08:36.988543+00:00 heroku[web.1]: State changed from crashed to starting
2016-02-12T08:08:39.973691+00:00 heroku[web.1]: Starting process with command `mix run --no-halt`
2016-02-12T08:09:40.454383+00:00 heroku[web.1]: Error R10 (Boot timeout) -> Web process failed to bind to $PORT within 60 seconds of launch
2016-02-12T08:09:40.454383+00:00 heroku[web.1]: Stopping process with SIGKILL
2016-02-12T08:09:41.403999+00:00 heroku[web.1]: Process exited with status 137
2016-02-12T08:09:41.441138+00:00 heroku[web.1]: State changed from starting to crashed
2016-02-12T08:09:42.086213+00:00 heroku[router]: at=error code=H10 desc="App crashed" method=GET path="/" host=secret-anchorage-87421.herokuapp.com request_id=fbe45b82-0d73-41ee-a6e7-63ca9f1cb4d0 fwd="119.82.78.186" dyno= connect= service= status=503 bytes=
2016-02-12T08:09:48.436527+00:00 heroku[router]: at=error code=H10 desc="App crashed" method=GET path="/favicon.ico" host=secret-anchorage-87421.herokuapp.com request_id=f0108149-9ac2-428b-ab6d-c8ad488922e8 fwd="119.82.78.186" dyno= connect= service= status=503 bytes=
2016-02-12T08:09:49.840193+00:00 heroku[router]: at=error code=H10 desc="App crashed" method=GET path="/" host=secret-anchorage-87421.herokuapp.com request_id=46a04469-8936-4bd2-b1d0-2515124037c3 fwd="119.82.78.186" dyno= connect= service= status=503 bytes=
2016-02-12T08:09:50.852744+00:00 heroku[router]: at=error code=H10 desc="App crashed" method=GET path="/favicon.ico" host=secret-anchorage-87421.herokuapp.com request_id=62cb32be-f8e9-44aa-942d-d45f5a2e2b8b fwd="119.82.78.186" dyno= connect= service= status=503 bytes=
^[[B^C
 !    Command cancelled.
pikender@Pikenders-MacBook-Pro:~/elixir/heroku_demo_deploy$ (cd ~/elixir/x-shop-heroku/ && vim .)
pikender@Pikenders-MacBook-Pro:~/elixir/heroku_demo_deploy$ vim .
pikender@Pikenders-MacBook-Pro:~/elixir/heroku_demo_deploy$ heroku buildpacks
=== secret-anchorage-87421 Buildpack URL
https://github.com/HashNuke/heroku-buildpack-elixir.git
pikender@Pikenders-MacBook-Pro:~/elixir/heroku_demo_deploy$ heroku buildpacks:clear
Buildpacks cleared. Next release on secret-anchorage-87421 will detect buildpack normally.
pikender@Pikenders-MacBook-Pro:~/elixir/heroku_demo_deploy$ heroku buildpacks:add https://github.com/HashNuke/heroku-buildpack-elixir.git
Buildpack added. Next release on secret-anchorage-87421 will use https://github.com/HashNuke/heroku-buildpack-elixir.git.
Run git push heroku master to create a new release using this buildpack.
pikender@Pikenders-MacBook-Pro:~/elixir/heroku_demo_deploy$ heroku buildpacks:add https://github.com/gjaldon/heroku-buildpack-phoenix-static.git
Buildpack added. Next release on secret-anchorage-87421 will use:
  1. https://github.com/HashNuke/heroku-buildpack-elixir.git
  2. https://github.com/gjaldon/heroku-buildpack-phoenix-static.git
Run git push heroku master to create a new release using these buildpacks.
pikender@Pikenders-MacBook-Pro:~/elixir/heroku_demo_deploy$ vim config/prod.
pikender@Pikenders-MacBook-Pro:~/elixir/heroku_demo_deploy$ vim config/prod.exs
pikender@Pikenders-MacBook-Pro:~/elixir/heroku_demo_deploy$ git status
On branch master
Changes not staged for commit:
  (use "git add <file>..." to update what will be committed)
  (use "git checkout -- <file>..." to discard changes in working directory)

	modified:   config/prod.exs

Untracked files:
  (use "git add <file>..." to include in what will be committed)

	heroku.deploy.log

no changes added to commit (use "git add" and/or "git commit -a")
pikender@Pikenders-MacBook-Pro:~/elixir/heroku_demo_deploy$ vim config/prod.exs
pikender@Pikenders-MacBook-Pro:~/elixir/heroku_demo_deploy$ git add config/prod.exs
pikender@Pikenders-MacBook-Pro:~/elixir/heroku_demo_deploy$ git commit -m "Use production config from Heroku ENV variables"
[master 340ec71] Use production config from Heroku ENV variables
 1 file changed, 1 insertion(+), 1 deletion(-)
pikender@Pikenders-MacBook-Pro:~/elixir/heroku_demo_deploy$ git-sh
master!heroku_demo_deploy *> status
On branch master
Untracked files:
  (use "git add <file>..." to include in what will be committed)

	heroku.deploy.log

nothing added to commit but untracked files present (use "git add" to track)
master!heroku_demo_deploy *> push heroku master
Counting objects: 4, done.
Delta compression using up to 8 threads.
Compressing objects: 100% (4/4), done.
Writing objects: 100% (4/4), 381 bytes | 0 bytes/s, done.
Total 4 (delta 3), reused 0 (delta 0)
remote: Compressing source files... done.
remote: Building source:
remote:
remote: -----> Fetching set buildpack https://github.com/HashNuke/heroku-buildpack-elixir.git... done
remote: -----> elixir app detected
remote: -----> Checking Erlang and Elixir versions
remote:        WARNING: elixir_buildpack.config wasn't found in the app
remote:        Using default config from Elixir buildpack
remote:        Will use the following versions:
remote:        * Stack cedar-14
remote:        * Erlang 18.1.3
remote:        * Elixir 1.2.0
remote:        Will export the following config vars:
remote:        * Config vars DATABASE_URL
remote:        * MIX_ENV=prod
remote: -----> Using cached Erlang 18.1.3
remote: -----> Installing Erlang 18.1.3
remote:
remote: -----> Using cached Elixir v1.2.0
remote: -----> Installing Elixir v1.2.0
remote: -----> Installing Hex
remote: * creating /app/.mix/archives/hex-0.10.4.ez
remote: -----> Installing rebar
remote: * creating /app/.mix/rebar
remote: * creating /app/.mix/rebar3
remote: -----> Fetching app dependencies with mix
remote: Running dependency resolution
remote: All dependencies up to date
remote: -----> Copying hex from /app/.mix/archives/hex-0.10.4.ez
remote: -----> Compiling
remote: Compiled lib/heroku_demo_deploy.ex
remote: Compiled lib/heroku_demo_deploy/repo.ex
remote: Compiled web/channels/user_socket.ex
remote: Compiled web/views/error_helpers.ex
remote: Compiled web/gettext.ex
remote: Compiled web/web.ex
remote: Compiled web/models/user.ex
remote: Compiled web/controllers/page_controller.ex
remote: Compiled web/router.ex
remote: Compiled web/controllers/user_controller.ex
remote: Compiled lib/heroku_demo_deploy/endpoint.ex
remote: Compiled web/views/error_view.ex
remote: Compiled web/views/layout_view.ex
remote: Compiled web/views/page_view.ex
remote: Compiled web/views/user_view.ex
remote: Generated heroku_demo_deploy app
remote: Consolidated Poison.Decoder
remote: Consolidated Ecto.DataType
remote: Consolidated Phoenix.HTML.FormData
remote: Consolidated List.Chars
remote: Consolidated Plug.Exception
remote: Consolidated DBConnection.Query
remote: Consolidated Ecto.Queryable
remote: Consolidated Phoenix.Param
remote: Consolidated Collectable
remote: Consolidated Enumerable
remote: Consolidated Phoenix.HTML.Safe
remote: Consolidated String.Chars
remote: Consolidated IEx.Info
remote: Consolidated Poison.Encoder
remote: Consolidated Inspect
remote: -----> Creating .profile.d with env vars
remote: -----> Fetching set buildpack https://github.com/gjaldon/heroku-buildpack-phoenix-static.git... done
remote: -----> Phoenix app detected
remote:
remote: -----> Loading configuration and environment
remote:        Loading config...
remote:        WARNING: phoenix_static_buildpack.config wasn't found in the app
remote:        Using default config from Phoenix static buildpack
remote:        Will use the following versions:
remote:        * Node 5.3.0
remote:        Will export the following config vars:
remote:        * Config vars DATABASE_URL
remote:        * MIX_ENV=prod
remote:
remote: -----> Installing binaries
remote:        Using cached node 5.3.0...
remote:        Installing node 5.3.0...
remote:        Using default npm version
remote:
remote: -----> Building dependencies
remote:        Installing and caching node modules
remote:        npm WARN install Couldn't install optional dependency: Unsupported
remote:        npm WARN EPACKAGEJSON build_2173af9db548c02b2fa22e2cf566dea4 No license field.
remote:        npm WARN prefer global coffee-script@1.10.0 should be installed with -g
remote:        babel-brunch@6.0.0 /tmp/build_2173af9db548c02b2fa22e2cf566dea4/node_modules/babel-brunch
remote:        anymatch@1.3.0 /tmp/build_2173af9db548c02b2fa22e2cf566dea4/node_modules/anymatch
remote:        arrify@1.0.1 /tmp/build_2173af9db548c02b2fa22e2cf566dea4/node_modules/arrify
remote:        micromatch@2.3.7 /tmp/build_2173af9db548c02b2fa22e2cf566dea4/node_modules/micromatch
remote:        arr-diff@2.0.0 /tmp/build_2173af9db548c02b2fa22e2cf566dea4/node_modules/arr-diff
remote:        arr-flatten@1.0.1 /tmp/build_2173af9db548c02b2fa22e2cf566dea4/node_modules/arr-flatten
remote:        array-unique@0.2.1 /tmp/build_2173af9db548c02b2fa22e2cf566dea4/node_modules/array-unique
remote:        braces@1.8.3 /tmp/build_2173af9db548c02b2fa22e2cf566dea4/node_modules/braces
remote:        expand-range@1.8.1 /tmp/build_2173af9db548c02b2fa22e2cf566dea4/node_modules/expand-range
remote:        fill-range@2.2.3 /tmp/build_2173af9db548c02b2fa22e2cf566dea4/node_modules/fill-range
remote:        is-number@2.1.0 /tmp/build_2173af9db548c02b2fa22e2cf566dea4/node_modules/is-number
remote:        kind-of@3.0.2 /tmp/build_2173af9db548c02b2fa22e2cf566dea4/node_modules/kind-of
remote:        is-buffer@1.1.2 /tmp/build_2173af9db548c02b2fa22e2cf566dea4/node_modules/is-buffer
remote:        isobject@2.0.0 /tmp/build_2173af9db548c02b2fa22e2cf566dea4/node_modules/isobject
remote:        isarray@0.0.1 /tmp/build_2173af9db548c02b2fa22e2cf566dea4/node_modules/isarray
remote:        randomatic@1.1.5 /tmp/build_2173af9db548c02b2fa22e2cf566dea4/node_modules/randomatic
remote:        repeat-element@1.1.2 /tmp/build_2173af9db548c02b2fa22e2cf566dea4/node_modules/repeat-element
remote:        repeat-string@1.5.2 /tmp/build_2173af9db548c02b2fa22e2cf566dea4/node_modules/repeat-string
remote:        preserve@0.2.0 /tmp/build_2173af9db548c02b2fa22e2cf566dea4/node_modules/preserve
remote:        expand-brackets@0.1.4 /tmp/build_2173af9db548c02b2fa22e2cf566dea4/node_modules/expand-brackets
remote:        extglob@0.3.2 /tmp/build_2173af9db548c02b2fa22e2cf566dea4/node_modules/extglob
remote:        is-extglob@1.0.0 /tmp/build_2173af9db548c02b2fa22e2cf566dea4/node_modules/is-extglob
remote:        filename-regex@2.0.0 /tmp/build_2173af9db548c02b2fa22e2cf566dea4/node_modules/filename-regex
remote:        is-glob@2.0.1 /tmp/build_2173af9db548c02b2fa22e2cf566dea4/node_modules/is-glob
remote:        normalize-path@2.0.1 /tmp/build_2173af9db548c02b2fa22e2cf566dea4/node_modules/normalize-path
remote:        object.omit@2.0.0 /tmp/build_2173af9db548c02b2fa22e2cf566dea4/node_modules/object.omit
remote:        for-own@0.1.3 /tmp/build_2173af9db548c02b2fa22e2cf566dea4/node_modules/for-own
remote:        for-in@0.1.4 /tmp/build_2173af9db548c02b2fa22e2cf566dea4/node_modules/for-in
remote:        is-extendable@0.1.1 /tmp/build_2173af9db548c02b2fa22e2cf566dea4/node_modules/is-extendable
remote:        parse-glob@3.0.4 /tmp/build_2173af9db548c02b2fa22e2cf566dea4/node_modules/parse-glob
remote:        glob-base@0.3.0 /tmp/build_2173af9db548c02b2fa22e2cf566dea4/node_modules/glob-base
remote:        glob-parent@2.0.0 /tmp/build_2173af9db548c02b2fa22e2cf566dea4/node_modules/glob-parent
remote:        is-dotfile@1.0.2 /tmp/build_2173af9db548c02b2fa22e2cf566dea4/node_modules/is-dotfile
remote:        regex-cache@0.4.2 /tmp/build_2173af9db548c02b2fa22e2cf566dea4/node_modules/regex-cache
remote:        is-equal-shallow@0.1.3 /tmp/build_2173af9db548c02b2fa22e2cf566dea4/node_modules/is-equal-shallow
remote:        is-primitive@2.0.0 /tmp/build_2173af9db548c02b2fa22e2cf566dea4/node_modules/is-primitive
remote:        babel-core@6.5.1 /tmp/build_2173af9db548c02b2fa22e2cf566dea4/node_modules/babel-core
remote:        babel-code-frame@6.5.0 /tmp/build_2173af9db548c02b2fa22e2cf566dea4/node_modules/babel-code-frame
remote:        babel-runtime@5.8.35 /tmp/build_2173af9db548c02b2fa22e2cf566dea4/node_modules/babel-runtime
remote:        core-js@1.2.6 /tmp/build_2173af9db548c02b2fa22e2cf566dea4/node_modules/core-js
remote:        chalk@1.1.1 /tmp/build_2173af9db548c02b2fa22e2cf566dea4/node_modules/chalk
remote:        ansi-styles@2.1.0 /tmp/build_2173af9db548c02b2fa22e2cf566dea4/node_modules/ansi-styles
remote:        escape-string-regexp@1.0.4 /tmp/build_2173af9db548c02b2fa22e2cf566dea4/node_modules/escape-string-regexp
remote:        has-ansi@2.0.0 /tmp/build_2173af9db548c02b2fa22e2cf566dea4/node_modules/has-ansi
remote:        ansi-regex@2.0.0 /tmp/build_2173af9db548c02b2fa22e2cf566dea4/node_modules/ansi-regex
remote:        strip-ansi@3.0.0 /tmp/build_2173af9db548c02b2fa22e2cf566dea4/node_modules/strip-ansi
remote:        supports-color@2.0.0 /tmp/build_2173af9db548c02b2fa22e2cf566dea4/node_modules/supports-color
remote:        esutils@2.0.2 /tmp/build_2173af9db548c02b2fa22e2cf566dea4/node_modules/esutils
remote:        js-tokens@1.0.2 /tmp/build_2173af9db548c02b2fa22e2cf566dea4/node_modules/js-tokens
remote:        line-numbers@0.2.0 /tmp/build_2173af9db548c02b2fa22e2cf566dea4/node_modules/line-numbers
remote:        left-pad@0.0.3 /tmp/build_2173af9db548c02b2fa22e2cf566dea4/node_modules/left-pad
remote:        repeating@1.1.3 /tmp/build_2173af9db548c02b2fa22e2cf566dea4/node_modules/repeating
remote:        is-finite@1.0.1 /tmp/build_2173af9db548c02b2fa22e2cf566dea4/node_modules/is-finite
remote:        number-is-nan@1.0.0 /tmp/build_2173af9db548c02b2fa22e2cf566dea4/node_modules/number-is-nan
remote:        babel-generator@6.5.0 /tmp/build_2173af9db548c02b2fa22e2cf566dea4/node_modules/babel-generator
remote:        babel-messages@6.5.0 /tmp/build_2173af9db548c02b2fa22e2cf566dea4/node_modules/babel-messages
remote:        babel-types@6.5.1 /tmp/build_2173af9db548c02b2fa22e2cf566dea4/node_modules/babel-types
remote:        babel-traverse@6.5.0 /tmp/build_2173af9db548c02b2fa22e2cf566dea4/node_modules/babel-traverse
remote:        babylon@6.5.0 /tmp/build_2173af9db548c02b2fa22e2cf566dea4/node_modules/babylon
remote:        debug@2.2.0 /tmp/build_2173af9db548c02b2fa22e2cf566dea4/node_modules/debug
remote:        ms@0.7.1 /tmp/build_2173af9db548c02b2fa22e2cf566dea4/node_modules/ms
remote:        globals@8.18.0 /tmp/build_2173af9db548c02b2fa22e2cf566dea4/node_modules/globals
remote:        invariant@2.2.0 /tmp/build_2173af9db548c02b2fa22e2cf566dea4/node_modules/invariant
remote:        loose-envify@1.1.0 /tmp/build_2173af9db548c02b2fa22e2cf566dea4/node_modules/loose-envify
remote:        lodash@3.10.1 /tmp/build_2173af9db548c02b2fa22e2cf566dea4/node_modules/lodash
remote:        to-fast-properties@1.0.1 /tmp/build_2173af9db548c02b2fa22e2cf566dea4/node_modules/to-fast-properties
remote:        detect-indent@3.0.1 /tmp/build_2173af9db548c02b2fa22e2cf566dea4/node_modules/detect-indent
remote:        get-stdin@4.0.1 /tmp/build_2173af9db548c02b2fa22e2cf566dea4/node_modules/get-stdin
remote:        minimist@1.2.0 /tmp/build_2173af9db548c02b2fa22e2cf566dea4/node_modules/minimist
remote:        is-integer@1.0.6 /tmp/build_2173af9db548c02b2fa22e2cf566dea4/node_modules/is-integer
remote:        source-map@0.5.3 /tmp/build_2173af9db548c02b2fa22e2cf566dea4/node_modules/source-map
remote:        trim-right@1.0.1 /tmp/build_2173af9db548c02b2fa22e2cf566dea4/node_modules/trim-right
remote:        babel-helpers@6.5.0 /tmp/build_2173af9db548c02b2fa22e2cf566dea4/node_modules/babel-helpers
remote:        babel-template@6.5.0 /tmp/build_2173af9db548c02b2fa22e2cf566dea4/node_modules/babel-template
remote:        babel-register@6.5.1 /tmp/build_2173af9db548c02b2fa22e2cf566dea4/node_modules/babel-register
remote:        home-or-tmp@1.0.0 /tmp/build_2173af9db548c02b2fa22e2cf566dea4/node_modules/home-or-tmp
remote:        os-tmpdir@1.0.1 /tmp/build_2173af9db548c02b2fa22e2cf566dea4/node_modules/os-tmpdir
remote:        user-home@1.1.1 /tmp/build_2173af9db548c02b2fa22e2cf566dea4/node_modules/user-home
remote:        mkdirp@0.5.1 /tmp/build_2173af9db548c02b2fa22e2cf566dea4/node_modules/mkdirp
remote:        minimist@0.0.8 /tmp/build_2173af9db548c02b2fa22e2cf566dea4/node_modules/mkdirp/node_modules/minimist
remote:        path-exists@1.0.0 /tmp/build_2173af9db548c02b2fa22e2cf566dea4/node_modules/path-exists
remote:        source-map-support@0.2.10 /tmp/build_2173af9db548c02b2fa22e2cf566dea4/node_modules/source-map-support
remote:        source-map@0.1.32 /tmp/build_2173af9db548c02b2fa22e2cf566dea4/node_modules/source-map-support/node_modules/source-map
remote:        amdefine@1.0.0 /tmp/build_2173af9db548c02b2fa22e2cf566dea4/node_modules/amdefine
remote:        convert-source-map@1.1.3 /tmp/build_2173af9db548c02b2fa22e2cf566dea4/node_modules/convert-source-map
remote:        json5@0.4.0 /tmp/build_2173af9db548c02b2fa22e2cf566dea4/node_modules/json5
remote:        minimatch@2.0.10 /tmp/build_2173af9db548c02b2fa22e2cf566dea4/node_modules/minimatch
remote:        brace-expansion@1.1.3 /tmp/build_2173af9db548c02b2fa22e2cf566dea4/node_modules/brace-expansion
remote:        balanced-match@0.3.0 /tmp/build_2173af9db548c02b2fa22e2cf566dea4/node_modules/balanced-match
remote:        concat-map@0.0.1 /tmp/build_2173af9db548c02b2fa22e2cf566dea4/node_modules/concat-map
remote:        path-is-absolute@1.0.0 /tmp/build_2173af9db548c02b2fa22e2cf566dea4/node_modules/path-is-absolute
remote:        private@0.1.6 /tmp/build_2173af9db548c02b2fa22e2cf566dea4/node_modules/private
remote:        shebang-regex@1.0.0 /tmp/build_2173af9db548c02b2fa22e2cf566dea4/node_modules/shebang-regex
remote:        slash@1.0.0 /tmp/build_2173af9db548c02b2fa22e2cf566dea4/node_modules/slash
remote:        babel-preset-es2015@6.5.0 /tmp/build_2173af9db548c02b2fa22e2cf566dea4/node_modules/babel-preset-es2015
remote:        babel-plugin-check-es2015-constants@6.5.0 /tmp/build_2173af9db548c02b2fa22e2cf566dea4/node_modules/babel-plugin-check-es2015-constants
remote:        babel-plugin-transform-es2015-arrow-functions@6.5.0 /tmp/build_2173af9db548c02b2fa22e2cf566dea4/node_modules/babel-plugin-transform-es2015-arrow-functions
remote:        babel-plugin-transform-es2015-block-scoped-functions@6.5.0 /tmp/build_2173af9db548c02b2fa22e2cf566dea4/node_modules/babel-plugin-transform-es2015-block-scoped-functions
remote:        babel-plugin-transform-es2015-block-scoping@6.5.0 /tmp/build_2173af9db548c02b2fa22e2cf566dea4/node_modules/babel-plugin-transform-es2015-block-scoping
remote:        babel-plugin-transform-es2015-classes@6.5.0 /tmp/build_2173af9db548c02b2fa22e2cf566dea4/node_modules/babel-plugin-transform-es2015-classes
remote:        babel-helper-define-map@6.5.0 /tmp/build_2173af9db548c02b2fa22e2cf566dea4/node_modules/babel-helper-define-map
remote:        babel-helper-function-name@6.5.0 /tmp/build_2173af9db548c02b2fa22e2cf566dea4/node_modules/babel-helper-function-name
remote:        babel-helper-get-function-arity@6.5.0 /tmp/build_2173af9db548c02b2fa22e2cf566dea4/node_modules/babel-helper-get-function-arity
remote:        babel-helper-optimise-call-expression@6.5.0 /tmp/build_2173af9db548c02b2fa22e2cf566dea4/node_modules/babel-helper-optimise-call-expression
remote:        babel-helper-replace-supers@6.5.0 /tmp/build_2173af9db548c02b2fa22e2cf566dea4/node_modules/babel-helper-replace-supers
remote:        babel-plugin-transform-es2015-computed-properties@6.5.0 /tmp/build_2173af9db548c02b2fa22e2cf566dea4/node_modules/babel-plugin-transform-es2015-computed-properties
remote:        babel-plugin-transform-es2015-destructuring@6.5.0 /tmp/build_2173af9db548c02b2fa22e2cf566dea4/node_modules/babel-plugin-transform-es2015-destructuring
remote:        babel-plugin-transform-es2015-for-of@6.5.0 /tmp/build_2173af9db548c02b2fa22e2cf566dea4/node_modules/babel-plugin-transform-es2015-for-of
remote:        babel-plugin-transform-es2015-function-name@6.5.0 /tmp/build_2173af9db548c02b2fa22e2cf566dea4/node_modules/babel-plugin-transform-es2015-function-name
remote:        babel-plugin-transform-es2015-literals@6.5.0 /tmp/build_2173af9db548c02b2fa22e2cf566dea4/node_modules/babel-plugin-transform-es2015-literals
remote:        babel-plugin-transform-es2015-modules-commonjs@6.5.0 /tmp/build_2173af9db548c02b2fa22e2cf566dea4/node_modules/babel-plugin-transform-es2015-modules-commonjs
remote:        babel-plugin-transform-strict-mode@6.5.0 /tmp/build_2173af9db548c02b2fa22e2cf566dea4/node_modules/babel-plugin-transform-strict-mode
remote:        babel-plugin-transform-es2015-object-super@6.5.0 /tmp/build_2173af9db548c02b2fa22e2cf566dea4/node_modules/babel-plugin-transform-es2015-object-super
remote:        babel-plugin-transform-es2015-parameters@6.5.0 /tmp/build_2173af9db548c02b2fa22e2cf566dea4/node_modules/babel-plugin-transform-es2015-parameters
remote:        babel-helper-call-delegate@6.5.0 /tmp/build_2173af9db548c02b2fa22e2cf566dea4/node_modules/babel-helper-call-delegate
remote:        babel-helper-hoist-variables@6.5.0 /tmp/build_2173af9db548c02b2fa22e2cf566dea4/node_modules/babel-helper-hoist-variables
remote:        babel-plugin-transform-es2015-shorthand-properties@6.5.0 /tmp/build_2173af9db548c02b2fa22e2cf566dea4/node_modules/babel-plugin-transform-es2015-shorthand-properties
remote:        babel-plugin-transform-es2015-spread@6.5.0 /tmp/build_2173af9db548c02b2fa22e2cf566dea4/node_modules/babel-plugin-transform-es2015-spread
remote:        babel-plugin-transform-es2015-sticky-regex@6.5.0 /tmp/build_2173af9db548c02b2fa22e2cf566dea4/node_modules/babel-plugin-transform-es2015-sticky-regex
remote:        babel-helper-regex@6.5.0 /tmp/build_2173af9db548c02b2fa22e2cf566dea4/node_modules/babel-helper-regex
remote:        babel-plugin-transform-es2015-template-literals@6.5.0 /tmp/build_2173af9db548c02b2fa22e2cf566dea4/node_modules/babel-plugin-transform-es2015-template-literals
remote:        babel-plugin-transform-es2015-typeof-symbol@6.5.0 /tmp/build_2173af9db548c02b2fa22e2cf566dea4/node_modules/babel-plugin-transform-es2015-typeof-symbol
remote:        babel-plugin-transform-es2015-unicode-regex@6.5.0 /tmp/build_2173af9db548c02b2fa22e2cf566dea4/node_modules/babel-plugin-transform-es2015-unicode-regex
remote:        regexpu-core@1.0.0 /tmp/build_2173af9db548c02b2fa22e2cf566dea4/node_modules/regexpu-core
remote:        regenerate@1.2.1 /tmp/build_2173af9db548c02b2fa22e2cf566dea4/node_modules/regenerate
remote:        regjsgen@0.2.0 /tmp/build_2173af9db548c02b2fa22e2cf566dea4/node_modules/regjsgen
remote:        regjsparser@0.1.5 /tmp/build_2173af9db548c02b2fa22e2cf566dea4/node_modules/regjsparser
remote:        jsesc@0.5.0 /tmp/build_2173af9db548c02b2fa22e2cf566dea4/node_modules/jsesc
remote:        babel-plugin-transform-regenerator@6.5.0 /tmp/build_2173af9db548c02b2fa22e2cf566dea4/node_modules/babel-plugin-transform-regenerator
remote:        babel-plugin-syntax-async-functions@6.5.0 /tmp/build_2173af9db548c02b2fa22e2cf566dea4/node_modules/babel-plugin-syntax-async-functions
remote:        brunch@2.1.3 /tmp/build_2173af9db548c02b2fa22e2cf566dea4/node_modules/brunch
remote:        anysort@1.0.1 /tmp/build_2173af9db548c02b2fa22e2cf566dea4/node_modules/anysort
remote:        async-each@0.1.6 /tmp/build_2173af9db548c02b2fa22e2cf566dea4/node_modules/async-each
remote:        browser-resolve@1.7.2 /tmp/build_2173af9db548c02b2fa22e2cf566dea4/node_modules/browser-resolve
remote:        resolve@1.1.5 /tmp/build_2173af9db548c02b2fa22e2cf566dea4/node_modules/resolve
remote:        charm@1.0.0 /tmp/build_2173af9db548c02b2fa22e2cf566dea4/node_modules/charm
remote:        chokidar@1.4.2 /tmp/build_2173af9db548c02b2fa22e2cf566dea4/node_modules/chokidar
remote:        inherits@2.0.1 /tmp/build_2173af9db548c02b2fa22e2cf566dea4/node_modules/inherits
remote:        is-binary-path@1.0.1 /tmp/build_2173af9db548c02b2fa22e2cf566dea4/node_modules/is-binary-path
remote:        binary-extensions@1.4.0 /tmp/build_2173af9db548c02b2fa22e2cf566dea4/node_modules/binary-extensions
remote:        readdirp@2.0.0 /tmp/build_2173af9db548c02b2fa22e2cf566dea4/node_modules/readdirp
remote:        graceful-fs@4.1.3 /tmp/build_2173af9db548c02b2fa22e2cf566dea4/node_modules/graceful-fs
remote:        readable-stream@2.0.5 /tmp/build_2173af9db548c02b2fa22e2cf566dea4/node_modules/readable-stream
remote:        core-util-is@1.0.2 /tmp/build_2173af9db548c02b2fa22e2cf566dea4/node_modules/core-util-is
remote:        process-nextick-args@1.0.6 /tmp/build_2173af9db548c02b2fa22e2cf566dea4/node_modules/process-nextick-args
remote:        string_decoder@0.10.31 /tmp/build_2173af9db548c02b2fa22e2cf566dea4/node_modules/string_decoder
remote:        util-deprecate@1.0.2 /tmp/build_2173af9db548c02b2fa22e2cf566dea4/node_modules/util-deprecate
remote:        coffee-script@1.10.0 /tmp/build_2173af9db548c02b2fa22e2cf566dea4/node_modules/coffee-script
remote:        commander@2.9.0 /tmp/build_2173af9db548c02b2fa22e2cf566dea4/node_modules/commander
remote:        graceful-readlink@1.0.1 /tmp/build_2173af9db548c02b2fa22e2cf566dea4/node_modules/graceful-readlink
remote:        commonjs-require-definition@0.2.2 /tmp/build_2173af9db548c02b2fa22e2cf566dea4/node_modules/commonjs-require-definition
remote:        detective@4.0.3 /tmp/build_2173af9db548c02b2fa22e2cf566dea4/node_modules/detective
remote:        acorn@1.2.2 /tmp/build_2173af9db548c02b2fa22e2cf566dea4/node_modules/acorn
remote:        defined@1.0.0 /tmp/build_2173af9db548c02b2fa22e2cf566dea4/node_modules/defined
remote:        escodegen@1.8.0 /tmp/build_2173af9db548c02b2fa22e2cf566dea4/node_modules/escodegen
remote:        esprima@2.7.2 /tmp/build_2173af9db548c02b2fa22e2cf566dea4/node_modules/esprima
remote:        estraverse@1.9.3 /tmp/build_2173af9db548c02b2fa22e2cf566dea4/node_modules/estraverse
remote:        optionator@0.8.1 /tmp/build_2173af9db548c02b2fa22e2cf566dea4/node_modules/optionator
remote:        deep-is@0.1.3 /tmp/build_2173af9db548c02b2fa22e2cf566dea4/node_modules/deep-is
remote:        fast-levenshtein@1.1.3 /tmp/build_2173af9db548c02b2fa22e2cf566dea4/node_modules/fast-levenshtein
remote:        levn@0.3.0 /tmp/build_2173af9db548c02b2fa22e2cf566dea4/node_modules/levn
remote:        prelude-ls@1.1.2 /tmp/build_2173af9db548c02b2fa22e2cf566dea4/node_modules/prelude-ls
remote:        type-check@0.3.2 /tmp/build_2173af9db548c02b2fa22e2cf566dea4/node_modules/type-check
remote:        wordwrap@1.0.0 /tmp/build_2173af9db548c02b2fa22e2cf566dea4/node_modules/wordwrap
remote:        source-map@0.2.0 /tmp/build_2173af9db548c02b2fa22e2cf566dea4/node_modules/escodegen/node_modules/source-map
remote:        fcache@0.1.1 /tmp/build_2173af9db548c02b2fa22e2cf566dea4/node_modules/fcache
remote:        init-skeleton@0.7.1 /tmp/build_2173af9db548c02b2fa22e2cf566dea4/node_modules/init-skeleton
remote:        ncp@2.0.0 /tmp/build_2173af9db548c02b2fa22e2cf566dea4/node_modules/ncp
remote:        rimraf@2.4.5 /tmp/build_2173af9db548c02b2fa22e2cf566dea4/node_modules/rimraf
remote:        glob@6.0.4 /tmp/build_2173af9db548c02b2fa22e2cf566dea4/node_modules/glob
remote:        inflight@1.0.4 /tmp/build_2173af9db548c02b2fa22e2cf566dea4/node_modules/inflight
remote:        once@1.3.3 /tmp/build_2173af9db548c02b2fa22e2cf566dea4/node_modules/once
remote:        wrappy@1.0.1 /tmp/build_2173af9db548c02b2fa22e2cf566dea4/node_modules/wrappy
remote:        tmp@0.0.28 /tmp/build_2173af9db548c02b2fa22e2cf566dea4/node_modules/tmp
remote:        loggy@0.2.2 /tmp/build_2173af9db548c02b2fa22e2cf566dea4/node_modules/loggy
remote:        ansi-color@0.2.1 /tmp/build_2173af9db548c02b2fa22e2cf566dea4/node_modules/ansi-color
remote:        date-utils@1.2.18 /tmp/build_2173af9db548c02b2fa22e2cf566dea4/node_modules/date-utils
remote:        growl@1.8.1 /tmp/build_2173af9db548c02b2fa22e2cf566dea4/node_modules/growl
remote:        pushserve@1.0.2 /tmp/build_2173af9db548c02b2fa22e2cf566dea4/node_modules/pushserve
remote:        connect-slashes@1.3.1 /tmp/build_2173af9db548c02b2fa22e2cf566dea4/node_modules/connect-slashes
remote:        express@4.13.4 /tmp/build_2173af9db548c02b2fa22e2cf566dea4/node_modules/express
remote:        accepts@1.2.13 /tmp/build_2173af9db548c02b2fa22e2cf566dea4/node_modules/accepts
remote:        mime-types@2.1.9 /tmp/build_2173af9db548c02b2fa22e2cf566dea4/node_modules/mime-types
remote:        mime-db@1.21.0 /tmp/build_2173af9db548c02b2fa22e2cf566dea4/node_modules/mime-db
remote:        negotiator@0.5.3 /tmp/build_2173af9db548c02b2fa22e2cf566dea4/node_modules/negotiator
remote:        array-flatten@1.1.1 /tmp/build_2173af9db548c02b2fa22e2cf566dea4/node_modules/array-flatten
remote:        content-disposition@0.5.1 /tmp/build_2173af9db548c02b2fa22e2cf566dea4/node_modules/content-disposition
remote:        content-type@1.0.1 /tmp/build_2173af9db548c02b2fa22e2cf566dea4/node_modules/content-type
remote:        cookie@0.1.5 /tmp/build_2173af9db548c02b2fa22e2cf566dea4/node_modules/cookie
remote:        cookie-signature@1.0.6 /tmp/build_2173af9db548c02b2fa22e2cf566dea4/node_modules/cookie-signature
remote:        depd@1.1.0 /tmp/build_2173af9db548c02b2fa22e2cf566dea4/node_modules/depd
remote:        escape-html@1.0.3 /tmp/build_2173af9db548c02b2fa22e2cf566dea4/node_modules/escape-html
remote:        etag@1.7.0 /tmp/build_2173af9db548c02b2fa22e2cf566dea4/node_modules/etag
remote:        finalhandler@0.4.1 /tmp/build_2173af9db548c02b2fa22e2cf566dea4/node_modules/finalhandler
remote:        on-finished@2.3.0 /tmp/build_2173af9db548c02b2fa22e2cf566dea4/node_modules/on-finished
remote:        ee-first@1.1.1 /tmp/build_2173af9db548c02b2fa22e2cf566dea4/node_modules/ee-first
remote:        unpipe@1.0.0 /tmp/build_2173af9db548c02b2fa22e2cf566dea4/node_modules/unpipe
remote:        fresh@0.3.0 /tmp/build_2173af9db548c02b2fa22e2cf566dea4/node_modules/fresh
remote:        merge-descriptors@1.0.1 /tmp/build_2173af9db548c02b2fa22e2cf566dea4/node_modules/merge-descriptors
remote:        methods@1.1.2 /tmp/build_2173af9db548c02b2fa22e2cf566dea4/node_modules/methods
remote:        parseurl@1.3.1 /tmp/build_2173af9db548c02b2fa22e2cf566dea4/node_modules/parseurl
remote:        path-to-regexp@0.1.7 /tmp/build_2173af9db548c02b2fa22e2cf566dea4/node_modules/path-to-regexp
remote:        proxy-addr@1.0.10 /tmp/build_2173af9db548c02b2fa22e2cf566dea4/node_modules/proxy-addr
remote:        forwarded@0.1.0 /tmp/build_2173af9db548c02b2fa22e2cf566dea4/node_modules/forwarded
remote:        ipaddr.js@1.0.5 /tmp/build_2173af9db548c02b2fa22e2cf566dea4/node_modules/ipaddr.js
remote:        qs@4.0.0 /tmp/build_2173af9db548c02b2fa22e2cf566dea4/node_modules/qs
remote:        range-parser@1.0.3 /tmp/build_2173af9db548c02b2fa22e2cf566dea4/node_modules/range-parser
remote:        send@0.13.1 /tmp/build_2173af9db548c02b2fa22e2cf566dea4/node_modules/send
remote:        destroy@1.0.4 /tmp/build_2173af9db548c02b2fa22e2cf566dea4/node_modules/destroy
remote:        http-errors@1.3.1 /tmp/build_2173af9db548c02b2fa22e2cf566dea4/node_modules/http-errors
remote:        statuses@1.2.1 /tmp/build_2173af9db548c02b2fa22e2cf566dea4/node_modules/statuses
remote:        mime@1.3.4 /tmp/build_2173af9db548c02b2fa22e2cf566dea4/node_modules/mime
remote:        serve-static@1.10.2 /tmp/build_2173af9db548c02b2fa22e2cf566dea4/node_modules/serve-static
remote:        type-is@1.6.11 /tmp/build_2173af9db548c02b2fa22e2cf566dea4/node_modules/type-is
remote:        media-typer@0.3.0 /tmp/build_2173af9db548c02b2fa22e2cf566dea4/node_modules/media-typer
remote:        utils-merge@1.0.0 /tmp/build_2173af9db548c02b2fa22e2cf566dea4/node_modules/utils-merge
remote:        vary@1.0.1 /tmp/build_2173af9db548c02b2fa22e2cf566dea4/node_modules/vary
remote:        quickly-copy-file@0.1.0 /tmp/build_2173af9db548c02b2fa22e2cf566dea4/node_modules/quickly-copy-file
remote:        read-components@0.6.1 /tmp/build_2173af9db548c02b2fa22e2cf566dea4/node_modules/read-components
remote:        component-builder@0.10.1 /tmp/build_2173af9db548c02b2fa22e2cf566dea4/node_modules/component-builder
remote:        batch@0.2.1 /tmp/build_2173af9db548c02b2fa22e2cf566dea4/node_modules/batch
remote:        component-require@0.3.1 /tmp/build_2173af9db548c02b2fa22e2cf566dea4/node_modules/component-require
remote:        cp@0.1.1 /tmp/build_2173af9db548c02b2fa22e2cf566dea4/node_modules/cp
remote:        mkdirp@0.3.4 /tmp/build_2173af9db548c02b2fa22e2cf566dea4/node_modules/component-builder/node_modules/mkdirp
remote:        string-to-js@0.0.1 /tmp/build_2173af9db548c02b2fa22e2cf566dea4/node_modules/string-to-js
remote:        clean-css-brunch@1.8.0 /tmp/build_2173af9db548c02b2fa22e2cf566dea4/node_modules/clean-css-brunch
remote:        clean-css@3.4.9 /tmp/build_2173af9db548c02b2fa22e2cf566dea4/node_modules/clean-css
remote:        commander@2.8.1 /tmp/build_2173af9db548c02b2fa22e2cf566dea4/node_modules/clean-css/node_modules/commander
remote:        source-map@0.4.4 /tmp/build_2173af9db548c02b2fa22e2cf566dea4/node_modules/clean-css/node_modules/source-map
remote:        css-brunch@1.7.0 /tmp/build_2173af9db548c02b2fa22e2cf566dea4/node_modules/css-brunch
remote:        javascript-brunch@1.8.0 /tmp/build_2173af9db548c02b2fa22e2cf566dea4/node_modules/javascript-brunch
remote:        uglify-js-brunch@1.7.8 /tmp/build_2173af9db548c02b2fa22e2cf566dea4/node_modules/uglify-js-brunch
remote:        uglify-js@2.4.24 /tmp/build_2173af9db548c02b2fa22e2cf566dea4/node_modules/uglify-js
remote:        async@0.2.10 /tmp/build_2173af9db548c02b2fa22e2cf566dea4/node_modules/async
remote:        source-map@0.1.34 /tmp/build_2173af9db548c02b2fa22e2cf566dea4/node_modules/uglify-js/node_modules/source-map
remote:        uglify-to-browserify@1.0.2 /tmp/build_2173af9db548c02b2fa22e2cf566dea4/node_modules/uglify-to-browserify
remote:        yargs@3.5.4 /tmp/build_2173af9db548c02b2fa22e2cf566dea4/node_modules/yargs
remote:        camelcase@1.2.1 /tmp/build_2173af9db548c02b2fa22e2cf566dea4/node_modules/camelcase
remote:        decamelize@1.1.2 /tmp/build_2173af9db548c02b2fa22e2cf566dea4/node_modules/decamelize
remote:        window-size@0.1.0 /tmp/build_2173af9db548c02b2fa22e2cf566dea4/node_modules/window-size
remote:        wordwrap@0.0.2 /tmp/build_2173af9db548c02b2fa22e2cf566dea4/node_modules/yargs/node_modules/wordwrap
remote:        phoenix@1.1.4 /tmp/build_2173af9db548c02b2fa22e2cf566dea4/node_modules/phoenix
remote:        phoenix_html@2.5.0 /tmp/build_2173af9db548c02b2fa22e2cf566dea4/node_modules/phoenix_html
remote:        npm WARN package.json @ No license field.
remote:        Running default compile
remote:        12 Feb 12:26:44 - info: compiled 5 files into 2 files, copied 3 in 1.7 sec
remote:        Check your digested files at "priv/static"
remote:
remote: -----> Finalizing build
remote:        Creating runtime environment
remote:
remote: -----> Discovering process types
remote:        Procfile declares types     -> (none)
remote:        Default types for buildpack -> web
remote:
remote: -----> Compressing...
remote:        Done: 82.1M
remote: -----> Launching...
remote:        Released v7
remote:        https://secret-anchorage-87421.herokuapp.com/ deployed to Heroku
remote:
remote: Verifying deploy.... done.
To https://git.heroku.com/secret-anchorage-87421.git
   8c1c834..340ec71  master -> master
master!heroku_demo_deploy *> exit
exit
pikender@Pikenders-MacBook-Pro:~/elixir/heroku_demo_deploy$ heroku run ecto.migrate
Running ecto.migrate on secret-anchorage-87421... up, run.6220
bash: ecto.migrate: command not found
pikender@Pikenders-MacBook-Pro:~/elixir/heroku_demo_deploy$ heroku run mix ecto.migrate
Running mix ecto.migrate on secret-anchorage-87421... up, run.1227

12:28:07.309 [error] GenServer #PID<0.192.0> terminating
** (KeyError) key :database not found in: [types: true, hostname: "localhost", timeout: 5000, otp_app: :heroku_demo_deploy, repo: HerokuDemoDeploy.Repo, adapter: Ecto.Adapters.Postgres, extensions: [{Ecto.Adapters.Postgres.DateTime, []}, {Postgrex.Extensions.JSON, [library: Poison]}], port: 5432]
    (elixir) lib/keyword.ex:312: Keyword.fetch!/2
    (postgrex) lib/postgrex/protocol.ex:54: Postgrex.Protocol.connect/1
    (db_connection) lib/db_connection/connection.ex:114: DBConnection.Connection.connect/2
    (connection) lib/connection.ex:623: Connection.enter_connect/5
    (stdlib) proc_lib.erl:240: :proc_lib.init_p_do_apply/3
** (exit) exited in: :gen_server.call(#PID<0.192.0>, {:checkout, #Reference<0.0.1.2045>, true, :infinity}, 5000)
    ** (EXIT) an exception was raised:
        ** (KeyError) key :database not found in: [types: true, hostname: "localhost", timeout: 5000, otp_app: :heroku_demo_deploy, repo: HerokuDemoDeploy.Repo, adapter: Ecto.Adapters.Postgres, extensions: [{Ecto.Adapters.Postgres.DateTime, []}, {Postgrex.Extensions.JSON, [library: Poison]}], port: 5432]
            (elixir) lib/keyword.ex:312: Keyword.fetch!/2
            (postgrex) lib/postgrex/protocol.ex:54: Postgrex.Protocol.connect/1
            (db_connection) lib/db_connection/connection.ex:114: DBConnection.Connection.connect/2
            (connection) lib/connection.ex:623: Connection.enter_connect/5
            (stdlib) proc_lib.erl:240: :proc_lib.init_p_do_apply/3
    (db_connection) lib/db_connection/connection.ex:43: DBConnection.Connection.checkout/2
    (db_connection) lib/db_connection.ex:811: DBConnection.checkout/2
    (db_connection) lib/db_connection.ex:717: DBConnection.run/3
    (db_connection) lib/db_connection.ex:957: DBConnection.run_meter/3
    (db_connection) lib/db_connection.ex:421: DBConnection.query/4
    (postgrex) lib/postgrex.ex:105: Postgrex.query/4
    (ecto) lib/ecto/adapters/postgres/connection.ex:31: Ecto.Adapters.Postgres.Connection.query/4
    (ecto) lib/ecto/adapters/sql.ex:259: Ecto.Adapters.SQL.query/7

pikender@Pikenders-MacBook-Pro:~/elixir/heroku_demo_deploy$ heroku config:get DATABASE_URL

pikender@Pikenders-MacBook-Pro:~/elixir/heroku_demo_deploy$ vim config/prod.exs
pikender@Pikenders-MacBook-Pro:~/elixir/heroku_demo_deploy$ vim config/prod.exs
pikender@Pikenders-MacBook-Pro:~/elixir/heroku_demo_deploy$ git add config/prod.exs
pikender@Pikenders-MacBook-Pro:~/elixir/heroku_demo_deploy$ git commit -m "Added Postgres add-on, migrate should work now"
[master 332d94f] Added Postgres add-on, migrate should work now
 1 file changed, 1 insertion(+), 1 deletion(-)
pikender@Pikenders-MacBook-Pro:~/elixir/heroku_demo_deploy$ git-sh
master!heroku_demo_deploy *> status
On branch master
Untracked files:
  (use "git add <file>..." to include in what will be committed)

	heroku.deploy.log

nothing added to commit but untracked files present (use "git add" to track)
master!heroku_demo_deploy *> push heroku master
Counting objects: 4, done.
Delta compression using up to 8 threads.
Compressing objects: 100% (4/4), done.
Writing objects: 100% (4/4), 428 bytes | 0 bytes/s, done.
Total 4 (delta 3), reused 0 (delta 0)
remote: Compressing source files... done.
remote: Building source:
remote:
remote: -----> Fetching set buildpack https://github.com/HashNuke/heroku-buildpack-elixir.git... done
remote: -----> elixir app detected
remote: -----> Checking Erlang and Elixir versions
remote:        WARNING: elixir_buildpack.config wasn't found in the app
remote:        Using default config from Elixir buildpack
remote:        Will use the following versions:
remote:        * Stack cedar-14
remote:        * Erlang 18.1.3
remote:        * Elixir 1.2.0
remote:        Will export the following config vars:
remote:        * Config vars DATABASE_URL
remote:        * MIX_ENV=prod
remote: -----> Using cached Erlang 18.1.3
remote: -----> Installing Erlang 18.1.3
remote:
remote: -----> Using cached Elixir v1.2.0
remote: -----> Installing Elixir v1.2.0
remote: -----> Installing Hex
remote: * creating /app/.mix/archives/hex-0.10.4.ez
remote: -----> Installing rebar
remote: * creating /app/.mix/rebar
remote: * creating /app/.mix/rebar3
remote: -----> Fetching app dependencies with mix
remote: Running dependency resolution
remote: All dependencies up to date
remote: -----> Copying hex from /app/.mix/archives/hex-0.10.4.ez
remote: -----> Compiling
remote: Compiled lib/heroku_demo_deploy.ex
remote: Compiled lib/heroku_demo_deploy/repo.ex
remote: Compiled web/channels/user_socket.ex
remote: Compiled web/views/error_helpers.ex
remote: Compiled web/gettext.ex
remote: Compiled web/web.ex
remote: Compiled web/models/user.ex
remote: Compiled web/controllers/page_controller.ex
remote: Compiled web/router.ex
remote: Compiled web/controllers/user_controller.ex
remote: Compiled web/views/layout_view.ex
remote: Compiled lib/heroku_demo_deploy/endpoint.ex
remote: Compiled web/views/error_view.ex
remote: Compiled web/views/page_view.ex
remote: Compiled web/views/user_view.ex
remote: Generated heroku_demo_deploy app
remote: Consolidated Poison.Decoder
remote: Consolidated Plug.Exception
remote: Consolidated Ecto.DataType
remote: Consolidated Phoenix.HTML.FormData
remote: Consolidated DBConnection.Query
remote: Consolidated List.Chars
remote: Consolidated Ecto.Queryable
remote: Consolidated Phoenix.Param
remote: Consolidated Collectable
remote: Consolidated Enumerable
remote: Consolidated Phoenix.HTML.Safe
remote: Consolidated String.Chars
remote: Consolidated IEx.Info
remote: Consolidated Poison.Encoder
remote: Consolidated Inspect
remote: -----> Creating .profile.d with env vars
remote: -----> Fetching set buildpack https://github.com/gjaldon/heroku-buildpack-phoenix-static.git... done
remote: -----> Phoenix app detected
remote:
remote: -----> Loading configuration and environment
remote:        Loading config...
remote:        WARNING: phoenix_static_buildpack.config wasn't found in the app
remote:        Using default config from Phoenix static buildpack
remote:        Will use the following versions:
remote:        * Node 5.3.0
remote:        Will export the following config vars:
remote:        * Config vars DATABASE_URL
remote:        * MIX_ENV=prod
remote:
remote: -----> Installing binaries
remote:        Using cached node 5.3.0...
remote:        Installing node 5.3.0...
remote:        Using default npm version
remote:
remote: -----> Building dependencies
remote:        Installing and caching node modules
remote:        npm WARN install Couldn't install optional dependency: Unsupported
remote:        npm WARN EPACKAGEJSON build_bf577f528128d5bbaa1cc004126e2418 No license field.
remote:        npm WARN prefer global coffee-script@1.10.0 should be installed with -g
remote:        babel-brunch@6.0.0 /tmp/build_bf577f528128d5bbaa1cc004126e2418/node_modules/babel-brunch
remote:        anymatch@1.3.0 /tmp/build_bf577f528128d5bbaa1cc004126e2418/node_modules/anymatch
remote:        arrify@1.0.1 /tmp/build_bf577f528128d5bbaa1cc004126e2418/node_modules/arrify
remote:        micromatch@2.3.7 /tmp/build_bf577f528128d5bbaa1cc004126e2418/node_modules/micromatch
remote:        arr-diff@2.0.0 /tmp/build_bf577f528128d5bbaa1cc004126e2418/node_modules/arr-diff
remote:        arr-flatten@1.0.1 /tmp/build_bf577f528128d5bbaa1cc004126e2418/node_modules/arr-flatten
remote:        array-unique@0.2.1 /tmp/build_bf577f528128d5bbaa1cc004126e2418/node_modules/array-unique
remote:        braces@1.8.3 /tmp/build_bf577f528128d5bbaa1cc004126e2418/node_modules/braces
remote:        expand-range@1.8.1 /tmp/build_bf577f528128d5bbaa1cc004126e2418/node_modules/expand-range
remote:        fill-range@2.2.3 /tmp/build_bf577f528128d5bbaa1cc004126e2418/node_modules/fill-range
remote:        is-number@2.1.0 /tmp/build_bf577f528128d5bbaa1cc004126e2418/node_modules/is-number
remote:        kind-of@3.0.2 /tmp/build_bf577f528128d5bbaa1cc004126e2418/node_modules/kind-of
remote:        is-buffer@1.1.2 /tmp/build_bf577f528128d5bbaa1cc004126e2418/node_modules/is-buffer
remote:        isobject@2.0.0 /tmp/build_bf577f528128d5bbaa1cc004126e2418/node_modules/isobject
remote:        isarray@0.0.1 /tmp/build_bf577f528128d5bbaa1cc004126e2418/node_modules/isarray
remote:        randomatic@1.1.5 /tmp/build_bf577f528128d5bbaa1cc004126e2418/node_modules/randomatic
remote:        repeat-element@1.1.2 /tmp/build_bf577f528128d5bbaa1cc004126e2418/node_modules/repeat-element
remote:        repeat-string@1.5.2 /tmp/build_bf577f528128d5bbaa1cc004126e2418/node_modules/repeat-string
remote:        preserve@0.2.0 /tmp/build_bf577f528128d5bbaa1cc004126e2418/node_modules/preserve
remote:        expand-brackets@0.1.4 /tmp/build_bf577f528128d5bbaa1cc004126e2418/node_modules/expand-brackets
remote:        extglob@0.3.2 /tmp/build_bf577f528128d5bbaa1cc004126e2418/node_modules/extglob
remote:        is-extglob@1.0.0 /tmp/build_bf577f528128d5bbaa1cc004126e2418/node_modules/is-extglob
remote:        filename-regex@2.0.0 /tmp/build_bf577f528128d5bbaa1cc004126e2418/node_modules/filename-regex
remote:        is-glob@2.0.1 /tmp/build_bf577f528128d5bbaa1cc004126e2418/node_modules/is-glob
remote:        normalize-path@2.0.1 /tmp/build_bf577f528128d5bbaa1cc004126e2418/node_modules/normalize-path
remote:        object.omit@2.0.0 /tmp/build_bf577f528128d5bbaa1cc004126e2418/node_modules/object.omit
remote:        for-own@0.1.3 /tmp/build_bf577f528128d5bbaa1cc004126e2418/node_modules/for-own
remote:        for-in@0.1.4 /tmp/build_bf577f528128d5bbaa1cc004126e2418/node_modules/for-in
remote:        is-extendable@0.1.1 /tmp/build_bf577f528128d5bbaa1cc004126e2418/node_modules/is-extendable
remote:        parse-glob@3.0.4 /tmp/build_bf577f528128d5bbaa1cc004126e2418/node_modules/parse-glob
remote:        glob-base@0.3.0 /tmp/build_bf577f528128d5bbaa1cc004126e2418/node_modules/glob-base
remote:        glob-parent@2.0.0 /tmp/build_bf577f528128d5bbaa1cc004126e2418/node_modules/glob-parent
remote:        is-dotfile@1.0.2 /tmp/build_bf577f528128d5bbaa1cc004126e2418/node_modules/is-dotfile
remote:        regex-cache@0.4.2 /tmp/build_bf577f528128d5bbaa1cc004126e2418/node_modules/regex-cache
remote:        is-equal-shallow@0.1.3 /tmp/build_bf577f528128d5bbaa1cc004126e2418/node_modules/is-equal-shallow
remote:        is-primitive@2.0.0 /tmp/build_bf577f528128d5bbaa1cc004126e2418/node_modules/is-primitive
remote:        babel-core@6.5.1 /tmp/build_bf577f528128d5bbaa1cc004126e2418/node_modules/babel-core
remote:        babel-code-frame@6.5.0 /tmp/build_bf577f528128d5bbaa1cc004126e2418/node_modules/babel-code-frame
remote:        babel-runtime@5.8.35 /tmp/build_bf577f528128d5bbaa1cc004126e2418/node_modules/babel-runtime
remote:        core-js@1.2.6 /tmp/build_bf577f528128d5bbaa1cc004126e2418/node_modules/core-js
remote:        chalk@1.1.1 /tmp/build_bf577f528128d5bbaa1cc004126e2418/node_modules/chalk
remote:        ansi-styles@2.1.0 /tmp/build_bf577f528128d5bbaa1cc004126e2418/node_modules/ansi-styles
remote:        escape-string-regexp@1.0.4 /tmp/build_bf577f528128d5bbaa1cc004126e2418/node_modules/escape-string-regexp
remote:        has-ansi@2.0.0 /tmp/build_bf577f528128d5bbaa1cc004126e2418/node_modules/has-ansi
remote:        ansi-regex@2.0.0 /tmp/build_bf577f528128d5bbaa1cc004126e2418/node_modules/ansi-regex
remote:        strip-ansi@3.0.0 /tmp/build_bf577f528128d5bbaa1cc004126e2418/node_modules/strip-ansi
remote:        supports-color@2.0.0 /tmp/build_bf577f528128d5bbaa1cc004126e2418/node_modules/supports-color
remote:        esutils@2.0.2 /tmp/build_bf577f528128d5bbaa1cc004126e2418/node_modules/esutils
remote:        js-tokens@1.0.2 /tmp/build_bf577f528128d5bbaa1cc004126e2418/node_modules/js-tokens
remote:        line-numbers@0.2.0 /tmp/build_bf577f528128d5bbaa1cc004126e2418/node_modules/line-numbers
remote:        left-pad@0.0.3 /tmp/build_bf577f528128d5bbaa1cc004126e2418/node_modules/left-pad
remote:        repeating@1.1.3 /tmp/build_bf577f528128d5bbaa1cc004126e2418/node_modules/repeating
remote:        is-finite@1.0.1 /tmp/build_bf577f528128d5bbaa1cc004126e2418/node_modules/is-finite
remote:        number-is-nan@1.0.0 /tmp/build_bf577f528128d5bbaa1cc004126e2418/node_modules/number-is-nan
remote:        babel-generator@6.5.0 /tmp/build_bf577f528128d5bbaa1cc004126e2418/node_modules/babel-generator
remote:        babel-messages@6.5.0 /tmp/build_bf577f528128d5bbaa1cc004126e2418/node_modules/babel-messages
remote:        babel-types@6.5.1 /tmp/build_bf577f528128d5bbaa1cc004126e2418/node_modules/babel-types
remote:        babel-traverse@6.5.0 /tmp/build_bf577f528128d5bbaa1cc004126e2418/node_modules/babel-traverse
remote:        babylon@6.5.0 /tmp/build_bf577f528128d5bbaa1cc004126e2418/node_modules/babylon
remote:        debug@2.2.0 /tmp/build_bf577f528128d5bbaa1cc004126e2418/node_modules/debug
remote:        ms@0.7.1 /tmp/build_bf577f528128d5bbaa1cc004126e2418/node_modules/ms
remote:        globals@8.18.0 /tmp/build_bf577f528128d5bbaa1cc004126e2418/node_modules/globals
remote:        invariant@2.2.0 /tmp/build_bf577f528128d5bbaa1cc004126e2418/node_modules/invariant
remote:        loose-envify@1.1.0 /tmp/build_bf577f528128d5bbaa1cc004126e2418/node_modules/loose-envify
remote:        lodash@3.10.1 /tmp/build_bf577f528128d5bbaa1cc004126e2418/node_modules/lodash
remote:        to-fast-properties@1.0.1 /tmp/build_bf577f528128d5bbaa1cc004126e2418/node_modules/to-fast-properties
remote:        detect-indent@3.0.1 /tmp/build_bf577f528128d5bbaa1cc004126e2418/node_modules/detect-indent
remote:        get-stdin@4.0.1 /tmp/build_bf577f528128d5bbaa1cc004126e2418/node_modules/get-stdin
remote:        minimist@1.2.0 /tmp/build_bf577f528128d5bbaa1cc004126e2418/node_modules/minimist
remote:        is-integer@1.0.6 /tmp/build_bf577f528128d5bbaa1cc004126e2418/node_modules/is-integer
remote:        source-map@0.5.3 /tmp/build_bf577f528128d5bbaa1cc004126e2418/node_modules/source-map
remote:        trim-right@1.0.1 /tmp/build_bf577f528128d5bbaa1cc004126e2418/node_modules/trim-right
remote:        babel-helpers@6.5.0 /tmp/build_bf577f528128d5bbaa1cc004126e2418/node_modules/babel-helpers
remote:        babel-template@6.5.0 /tmp/build_bf577f528128d5bbaa1cc004126e2418/node_modules/babel-template
remote:        babel-register@6.5.1 /tmp/build_bf577f528128d5bbaa1cc004126e2418/node_modules/babel-register
remote:        home-or-tmp@1.0.0 /tmp/build_bf577f528128d5bbaa1cc004126e2418/node_modules/home-or-tmp
remote:        os-tmpdir@1.0.1 /tmp/build_bf577f528128d5bbaa1cc004126e2418/node_modules/os-tmpdir
remote:        user-home@1.1.1 /tmp/build_bf577f528128d5bbaa1cc004126e2418/node_modules/user-home
remote:        mkdirp@0.5.1 /tmp/build_bf577f528128d5bbaa1cc004126e2418/node_modules/mkdirp
remote:        minimist@0.0.8 /tmp/build_bf577f528128d5bbaa1cc004126e2418/node_modules/mkdirp/node_modules/minimist
remote:        path-exists@1.0.0 /tmp/build_bf577f528128d5bbaa1cc004126e2418/node_modules/path-exists
remote:        source-map-support@0.2.10 /tmp/build_bf577f528128d5bbaa1cc004126e2418/node_modules/source-map-support
remote:        source-map@0.1.32 /tmp/build_bf577f528128d5bbaa1cc004126e2418/node_modules/source-map-support/node_modules/source-map
remote:        amdefine@1.0.0 /tmp/build_bf577f528128d5bbaa1cc004126e2418/node_modules/amdefine
remote:        convert-source-map@1.1.3 /tmp/build_bf577f528128d5bbaa1cc004126e2418/node_modules/convert-source-map
remote:        json5@0.4.0 /tmp/build_bf577f528128d5bbaa1cc004126e2418/node_modules/json5
remote:        minimatch@2.0.10 /tmp/build_bf577f528128d5bbaa1cc004126e2418/node_modules/minimatch
remote:        brace-expansion@1.1.3 /tmp/build_bf577f528128d5bbaa1cc004126e2418/node_modules/brace-expansion
remote:        balanced-match@0.3.0 /tmp/build_bf577f528128d5bbaa1cc004126e2418/node_modules/balanced-match
remote:        concat-map@0.0.1 /tmp/build_bf577f528128d5bbaa1cc004126e2418/node_modules/concat-map
remote:        path-is-absolute@1.0.0 /tmp/build_bf577f528128d5bbaa1cc004126e2418/node_modules/path-is-absolute
remote:        private@0.1.6 /tmp/build_bf577f528128d5bbaa1cc004126e2418/node_modules/private
remote:        shebang-regex@1.0.0 /tmp/build_bf577f528128d5bbaa1cc004126e2418/node_modules/shebang-regex
remote:        slash@1.0.0 /tmp/build_bf577f528128d5bbaa1cc004126e2418/node_modules/slash
remote:        babel-preset-es2015@6.5.0 /tmp/build_bf577f528128d5bbaa1cc004126e2418/node_modules/babel-preset-es2015
remote:        babel-plugin-check-es2015-constants@6.5.0 /tmp/build_bf577f528128d5bbaa1cc004126e2418/node_modules/babel-plugin-check-es2015-constants
remote:        babel-plugin-transform-es2015-arrow-functions@6.5.0 /tmp/build_bf577f528128d5bbaa1cc004126e2418/node_modules/babel-plugin-transform-es2015-arrow-functions
remote:        babel-plugin-transform-es2015-block-scoped-functions@6.5.0 /tmp/build_bf577f528128d5bbaa1cc004126e2418/node_modules/babel-plugin-transform-es2015-block-scoped-functions
remote:        babel-plugin-transform-es2015-block-scoping@6.5.0 /tmp/build_bf577f528128d5bbaa1cc004126e2418/node_modules/babel-plugin-transform-es2015-block-scoping
remote:        babel-plugin-transform-es2015-classes@6.5.0 /tmp/build_bf577f528128d5bbaa1cc004126e2418/node_modules/babel-plugin-transform-es2015-classes
remote:        babel-helper-define-map@6.5.0 /tmp/build_bf577f528128d5bbaa1cc004126e2418/node_modules/babel-helper-define-map
remote:        babel-helper-function-name@6.5.0 /tmp/build_bf577f528128d5bbaa1cc004126e2418/node_modules/babel-helper-function-name
remote:        babel-helper-get-function-arity@6.5.0 /tmp/build_bf577f528128d5bbaa1cc004126e2418/node_modules/babel-helper-get-function-arity
remote:        babel-helper-optimise-call-expression@6.5.0 /tmp/build_bf577f528128d5bbaa1cc004126e2418/node_modules/babel-helper-optimise-call-expression
remote:        babel-helper-replace-supers@6.5.0 /tmp/build_bf577f528128d5bbaa1cc004126e2418/node_modules/babel-helper-replace-supers
remote:        babel-plugin-transform-es2015-computed-properties@6.5.0 /tmp/build_bf577f528128d5bbaa1cc004126e2418/node_modules/babel-plugin-transform-es2015-computed-properties
remote:        babel-plugin-transform-es2015-destructuring@6.5.0 /tmp/build_bf577f528128d5bbaa1cc004126e2418/node_modules/babel-plugin-transform-es2015-destructuring
remote:        babel-plugin-transform-es2015-for-of@6.5.0 /tmp/build_bf577f528128d5bbaa1cc004126e2418/node_modules/babel-plugin-transform-es2015-for-of
remote:        babel-plugin-transform-es2015-function-name@6.5.0 /tmp/build_bf577f528128d5bbaa1cc004126e2418/node_modules/babel-plugin-transform-es2015-function-name
remote:        babel-plugin-transform-es2015-literals@6.5.0 /tmp/build_bf577f528128d5bbaa1cc004126e2418/node_modules/babel-plugin-transform-es2015-literals
remote:        babel-plugin-transform-es2015-modules-commonjs@6.5.0 /tmp/build_bf577f528128d5bbaa1cc004126e2418/node_modules/babel-plugin-transform-es2015-modules-commonjs
remote:        babel-plugin-transform-strict-mode@6.5.0 /tmp/build_bf577f528128d5bbaa1cc004126e2418/node_modules/babel-plugin-transform-strict-mode
remote:        babel-plugin-transform-es2015-object-super@6.5.0 /tmp/build_bf577f528128d5bbaa1cc004126e2418/node_modules/babel-plugin-transform-es2015-object-super
remote:        babel-plugin-transform-es2015-parameters@6.5.0 /tmp/build_bf577f528128d5bbaa1cc004126e2418/node_modules/babel-plugin-transform-es2015-parameters
remote:        babel-helper-call-delegate@6.5.0 /tmp/build_bf577f528128d5bbaa1cc004126e2418/node_modules/babel-helper-call-delegate
remote:        babel-helper-hoist-variables@6.5.0 /tmp/build_bf577f528128d5bbaa1cc004126e2418/node_modules/babel-helper-hoist-variables
remote:        babel-plugin-transform-es2015-shorthand-properties@6.5.0 /tmp/build_bf577f528128d5bbaa1cc004126e2418/node_modules/babel-plugin-transform-es2015-shorthand-properties
remote:        babel-plugin-transform-es2015-spread@6.5.0 /tmp/build_bf577f528128d5bbaa1cc004126e2418/node_modules/babel-plugin-transform-es2015-spread
remote:        babel-plugin-transform-es2015-sticky-regex@6.5.0 /tmp/build_bf577f528128d5bbaa1cc004126e2418/node_modules/babel-plugin-transform-es2015-sticky-regex
remote:        babel-helper-regex@6.5.0 /tmp/build_bf577f528128d5bbaa1cc004126e2418/node_modules/babel-helper-regex
remote:        babel-plugin-transform-es2015-template-literals@6.5.0 /tmp/build_bf577f528128d5bbaa1cc004126e2418/node_modules/babel-plugin-transform-es2015-template-literals
remote:        babel-plugin-transform-es2015-typeof-symbol@6.5.0 /tmp/build_bf577f528128d5bbaa1cc004126e2418/node_modules/babel-plugin-transform-es2015-typeof-symbol
remote:        babel-plugin-transform-es2015-unicode-regex@6.5.0 /tmp/build_bf577f528128d5bbaa1cc004126e2418/node_modules/babel-plugin-transform-es2015-unicode-regex
remote:        regexpu-core@1.0.0 /tmp/build_bf577f528128d5bbaa1cc004126e2418/node_modules/regexpu-core
remote:        regenerate@1.2.1 /tmp/build_bf577f528128d5bbaa1cc004126e2418/node_modules/regenerate
remote:        regjsgen@0.2.0 /tmp/build_bf577f528128d5bbaa1cc004126e2418/node_modules/regjsgen
remote:        regjsparser@0.1.5 /tmp/build_bf577f528128d5bbaa1cc004126e2418/node_modules/regjsparser
remote:        jsesc@0.5.0 /tmp/build_bf577f528128d5bbaa1cc004126e2418/node_modules/jsesc
remote:        babel-plugin-transform-regenerator@6.5.0 /tmp/build_bf577f528128d5bbaa1cc004126e2418/node_modules/babel-plugin-transform-regenerator
remote:        babel-plugin-syntax-async-functions@6.5.0 /tmp/build_bf577f528128d5bbaa1cc004126e2418/node_modules/babel-plugin-syntax-async-functions
remote:        brunch@2.1.3 /tmp/build_bf577f528128d5bbaa1cc004126e2418/node_modules/brunch
remote:        anysort@1.0.1 /tmp/build_bf577f528128d5bbaa1cc004126e2418/node_modules/anysort
remote:        async-each@0.1.6 /tmp/build_bf577f528128d5bbaa1cc004126e2418/node_modules/async-each
remote:        browser-resolve@1.7.2 /tmp/build_bf577f528128d5bbaa1cc004126e2418/node_modules/browser-resolve
remote:        resolve@1.1.5 /tmp/build_bf577f528128d5bbaa1cc004126e2418/node_modules/resolve
remote:        charm@1.0.0 /tmp/build_bf577f528128d5bbaa1cc004126e2418/node_modules/charm
remote:        chokidar@1.4.2 /tmp/build_bf577f528128d5bbaa1cc004126e2418/node_modules/chokidar
remote:        inherits@2.0.1 /tmp/build_bf577f528128d5bbaa1cc004126e2418/node_modules/inherits
remote:        is-binary-path@1.0.1 /tmp/build_bf577f528128d5bbaa1cc004126e2418/node_modules/is-binary-path
remote:        binary-extensions@1.4.0 /tmp/build_bf577f528128d5bbaa1cc004126e2418/node_modules/binary-extensions
remote:        readdirp@2.0.0 /tmp/build_bf577f528128d5bbaa1cc004126e2418/node_modules/readdirp
remote:        graceful-fs@4.1.3 /tmp/build_bf577f528128d5bbaa1cc004126e2418/node_modules/graceful-fs
remote:        readable-stream@2.0.5 /tmp/build_bf577f528128d5bbaa1cc004126e2418/node_modules/readable-stream
remote:        core-util-is@1.0.2 /tmp/build_bf577f528128d5bbaa1cc004126e2418/node_modules/core-util-is
remote:        process-nextick-args@1.0.6 /tmp/build_bf577f528128d5bbaa1cc004126e2418/node_modules/process-nextick-args
remote:        string_decoder@0.10.31 /tmp/build_bf577f528128d5bbaa1cc004126e2418/node_modules/string_decoder
remote:        util-deprecate@1.0.2 /tmp/build_bf577f528128d5bbaa1cc004126e2418/node_modules/util-deprecate
remote:        coffee-script@1.10.0 /tmp/build_bf577f528128d5bbaa1cc004126e2418/node_modules/coffee-script
remote:        commander@2.9.0 /tmp/build_bf577f528128d5bbaa1cc004126e2418/node_modules/commander
remote:        graceful-readlink@1.0.1 /tmp/build_bf577f528128d5bbaa1cc004126e2418/node_modules/graceful-readlink
remote:        commonjs-require-definition@0.2.2 /tmp/build_bf577f528128d5bbaa1cc004126e2418/node_modules/commonjs-require-definition
remote:        detective@4.0.3 /tmp/build_bf577f528128d5bbaa1cc004126e2418/node_modules/detective
remote:        acorn@1.2.2 /tmp/build_bf577f528128d5bbaa1cc004126e2418/node_modules/acorn
remote:        defined@1.0.0 /tmp/build_bf577f528128d5bbaa1cc004126e2418/node_modules/defined
remote:        escodegen@1.8.0 /tmp/build_bf577f528128d5bbaa1cc004126e2418/node_modules/escodegen
remote:        esprima@2.7.2 /tmp/build_bf577f528128d5bbaa1cc004126e2418/node_modules/esprima
remote:        estraverse@1.9.3 /tmp/build_bf577f528128d5bbaa1cc004126e2418/node_modules/estraverse
remote:        optionator@0.8.1 /tmp/build_bf577f528128d5bbaa1cc004126e2418/node_modules/optionator
remote:        deep-is@0.1.3 /tmp/build_bf577f528128d5bbaa1cc004126e2418/node_modules/deep-is
remote:        fast-levenshtein@1.1.3 /tmp/build_bf577f528128d5bbaa1cc004126e2418/node_modules/fast-levenshtein
remote:        levn@0.3.0 /tmp/build_bf577f528128d5bbaa1cc004126e2418/node_modules/levn
remote:        prelude-ls@1.1.2 /tmp/build_bf577f528128d5bbaa1cc004126e2418/node_modules/prelude-ls
remote:        type-check@0.3.2 /tmp/build_bf577f528128d5bbaa1cc004126e2418/node_modules/type-check
remote:        wordwrap@1.0.0 /tmp/build_bf577f528128d5bbaa1cc004126e2418/node_modules/wordwrap
remote:        source-map@0.2.0 /tmp/build_bf577f528128d5bbaa1cc004126e2418/node_modules/escodegen/node_modules/source-map
remote:        fcache@0.1.1 /tmp/build_bf577f528128d5bbaa1cc004126e2418/node_modules/fcache
remote:        init-skeleton@0.7.1 /tmp/build_bf577f528128d5bbaa1cc004126e2418/node_modules/init-skeleton
remote:        ncp@2.0.0 /tmp/build_bf577f528128d5bbaa1cc004126e2418/node_modules/ncp
remote:        rimraf@2.4.5 /tmp/build_bf577f528128d5bbaa1cc004126e2418/node_modules/rimraf
remote:        glob@6.0.4 /tmp/build_bf577f528128d5bbaa1cc004126e2418/node_modules/glob
remote:        inflight@1.0.4 /tmp/build_bf577f528128d5bbaa1cc004126e2418/node_modules/inflight
remote:        once@1.3.3 /tmp/build_bf577f528128d5bbaa1cc004126e2418/node_modules/once
remote:        wrappy@1.0.1 /tmp/build_bf577f528128d5bbaa1cc004126e2418/node_modules/wrappy
remote:        tmp@0.0.28 /tmp/build_bf577f528128d5bbaa1cc004126e2418/node_modules/tmp
remote:        loggy@0.2.2 /tmp/build_bf577f528128d5bbaa1cc004126e2418/node_modules/loggy
remote:        ansi-color@0.2.1 /tmp/build_bf577f528128d5bbaa1cc004126e2418/node_modules/ansi-color
remote:        date-utils@1.2.18 /tmp/build_bf577f528128d5bbaa1cc004126e2418/node_modules/date-utils
remote:        growl@1.8.1 /tmp/build_bf577f528128d5bbaa1cc004126e2418/node_modules/growl
remote:        pushserve@1.0.2 /tmp/build_bf577f528128d5bbaa1cc004126e2418/node_modules/pushserve
remote:        connect-slashes@1.3.1 /tmp/build_bf577f528128d5bbaa1cc004126e2418/node_modules/connect-slashes
remote:        express@4.13.4 /tmp/build_bf577f528128d5bbaa1cc004126e2418/node_modules/express
remote:        accepts@1.2.13 /tmp/build_bf577f528128d5bbaa1cc004126e2418/node_modules/accepts
remote:        mime-types@2.1.9 /tmp/build_bf577f528128d5bbaa1cc004126e2418/node_modules/mime-types
remote:        mime-db@1.21.0 /tmp/build_bf577f528128d5bbaa1cc004126e2418/node_modules/mime-db
remote:        negotiator@0.5.3 /tmp/build_bf577f528128d5bbaa1cc004126e2418/node_modules/negotiator
remote:        array-flatten@1.1.1 /tmp/build_bf577f528128d5bbaa1cc004126e2418/node_modules/array-flatten
remote:        content-disposition@0.5.1 /tmp/build_bf577f528128d5bbaa1cc004126e2418/node_modules/content-disposition
remote:        content-type@1.0.1 /tmp/build_bf577f528128d5bbaa1cc004126e2418/node_modules/content-type
remote:        cookie@0.1.5 /tmp/build_bf577f528128d5bbaa1cc004126e2418/node_modules/cookie
remote:        cookie-signature@1.0.6 /tmp/build_bf577f528128d5bbaa1cc004126e2418/node_modules/cookie-signature
remote:        depd@1.1.0 /tmp/build_bf577f528128d5bbaa1cc004126e2418/node_modules/depd
remote:        escape-html@1.0.3 /tmp/build_bf577f528128d5bbaa1cc004126e2418/node_modules/escape-html
remote:        etag@1.7.0 /tmp/build_bf577f528128d5bbaa1cc004126e2418/node_modules/etag
remote:        finalhandler@0.4.1 /tmp/build_bf577f528128d5bbaa1cc004126e2418/node_modules/finalhandler
remote:        on-finished@2.3.0 /tmp/build_bf577f528128d5bbaa1cc004126e2418/node_modules/on-finished
remote:        ee-first@1.1.1 /tmp/build_bf577f528128d5bbaa1cc004126e2418/node_modules/ee-first
remote:        unpipe@1.0.0 /tmp/build_bf577f528128d5bbaa1cc004126e2418/node_modules/unpipe
remote:        fresh@0.3.0 /tmp/build_bf577f528128d5bbaa1cc004126e2418/node_modules/fresh
remote:        merge-descriptors@1.0.1 /tmp/build_bf577f528128d5bbaa1cc004126e2418/node_modules/merge-descriptors
remote:        methods@1.1.2 /tmp/build_bf577f528128d5bbaa1cc004126e2418/node_modules/methods
remote:        parseurl@1.3.1 /tmp/build_bf577f528128d5bbaa1cc004126e2418/node_modules/parseurl
remote:        path-to-regexp@0.1.7 /tmp/build_bf577f528128d5bbaa1cc004126e2418/node_modules/path-to-regexp
remote:        proxy-addr@1.0.10 /tmp/build_bf577f528128d5bbaa1cc004126e2418/node_modules/proxy-addr
remote:        forwarded@0.1.0 /tmp/build_bf577f528128d5bbaa1cc004126e2418/node_modules/forwarded
remote:        ipaddr.js@1.0.5 /tmp/build_bf577f528128d5bbaa1cc004126e2418/node_modules/ipaddr.js
remote:        qs@4.0.0 /tmp/build_bf577f528128d5bbaa1cc004126e2418/node_modules/qs
remote:        range-parser@1.0.3 /tmp/build_bf577f528128d5bbaa1cc004126e2418/node_modules/range-parser
remote:        send@0.13.1 /tmp/build_bf577f528128d5bbaa1cc004126e2418/node_modules/send
remote:        destroy@1.0.4 /tmp/build_bf577f528128d5bbaa1cc004126e2418/node_modules/destroy
remote:        http-errors@1.3.1 /tmp/build_bf577f528128d5bbaa1cc004126e2418/node_modules/http-errors
remote:        statuses@1.2.1 /tmp/build_bf577f528128d5bbaa1cc004126e2418/node_modules/statuses
remote:        mime@1.3.4 /tmp/build_bf577f528128d5bbaa1cc004126e2418/node_modules/mime
remote:        serve-static@1.10.2 /tmp/build_bf577f528128d5bbaa1cc004126e2418/node_modules/serve-static
remote:        type-is@1.6.11 /tmp/build_bf577f528128d5bbaa1cc004126e2418/node_modules/type-is
remote:        media-typer@0.3.0 /tmp/build_bf577f528128d5bbaa1cc004126e2418/node_modules/media-typer
remote:        utils-merge@1.0.0 /tmp/build_bf577f528128d5bbaa1cc004126e2418/node_modules/utils-merge
remote:        vary@1.0.1 /tmp/build_bf577f528128d5bbaa1cc004126e2418/node_modules/vary
remote:        quickly-copy-file@0.1.0 /tmp/build_bf577f528128d5bbaa1cc004126e2418/node_modules/quickly-copy-file
remote:        read-components@0.6.1 /tmp/build_bf577f528128d5bbaa1cc004126e2418/node_modules/read-components
remote:        component-builder@0.10.1 /tmp/build_bf577f528128d5bbaa1cc004126e2418/node_modules/component-builder
remote:        batch@0.2.1 /tmp/build_bf577f528128d5bbaa1cc004126e2418/node_modules/batch
remote:        component-require@0.3.1 /tmp/build_bf577f528128d5bbaa1cc004126e2418/node_modules/component-require
remote:        cp@0.1.1 /tmp/build_bf577f528128d5bbaa1cc004126e2418/node_modules/cp
remote:        mkdirp@0.3.4 /tmp/build_bf577f528128d5bbaa1cc004126e2418/node_modules/component-builder/node_modules/mkdirp
remote:        string-to-js@0.0.1 /tmp/build_bf577f528128d5bbaa1cc004126e2418/node_modules/string-to-js
remote:        clean-css-brunch@1.8.0 /tmp/build_bf577f528128d5bbaa1cc004126e2418/node_modules/clean-css-brunch
remote:        clean-css@3.4.9 /tmp/build_bf577f528128d5bbaa1cc004126e2418/node_modules/clean-css
remote:        commander@2.8.1 /tmp/build_bf577f528128d5bbaa1cc004126e2418/node_modules/clean-css/node_modules/commander
remote:        source-map@0.4.4 /tmp/build_bf577f528128d5bbaa1cc004126e2418/node_modules/clean-css/node_modules/source-map
remote:        css-brunch@1.7.0 /tmp/build_bf577f528128d5bbaa1cc004126e2418/node_modules/css-brunch
remote:        javascript-brunch@1.8.0 /tmp/build_bf577f528128d5bbaa1cc004126e2418/node_modules/javascript-brunch
remote:        uglify-js-brunch@1.7.8 /tmp/build_bf577f528128d5bbaa1cc004126e2418/node_modules/uglify-js-brunch
remote:        uglify-js@2.4.24 /tmp/build_bf577f528128d5bbaa1cc004126e2418/node_modules/uglify-js
remote:        async@0.2.10 /tmp/build_bf577f528128d5bbaa1cc004126e2418/node_modules/async
remote:        source-map@0.1.34 /tmp/build_bf577f528128d5bbaa1cc004126e2418/node_modules/uglify-js/node_modules/source-map
remote:        uglify-to-browserify@1.0.2 /tmp/build_bf577f528128d5bbaa1cc004126e2418/node_modules/uglify-to-browserify
remote:        yargs@3.5.4 /tmp/build_bf577f528128d5bbaa1cc004126e2418/node_modules/yargs
remote:        camelcase@1.2.1 /tmp/build_bf577f528128d5bbaa1cc004126e2418/node_modules/camelcase
remote:        decamelize@1.1.2 /tmp/build_bf577f528128d5bbaa1cc004126e2418/node_modules/decamelize
remote:        window-size@0.1.0 /tmp/build_bf577f528128d5bbaa1cc004126e2418/node_modules/window-size
remote:        wordwrap@0.0.2 /tmp/build_bf577f528128d5bbaa1cc004126e2418/node_modules/yargs/node_modules/wordwrap
remote:        phoenix@1.1.4 /tmp/build_bf577f528128d5bbaa1cc004126e2418/node_modules/phoenix
remote:        phoenix_html@2.5.0 /tmp/build_bf577f528128d5bbaa1cc004126e2418/node_modules/phoenix_html
remote:        npm WARN package.json @ No license field.
remote:        Running default compile
remote:        12 Feb 12:35:12 - info: compiled 5 files into 2 files, copied 3 in 1.7 sec
remote:        Check your digested files at "priv/static"
remote:
remote: -----> Finalizing build
remote:        Creating runtime environment
remote:
remote: -----> Discovering process types
remote:        Procfile declares types     -> (none)
remote:        Default types for buildpack -> web
remote:
remote: -----> Compressing...
remote:        Done: 82.1M
remote: -----> Launching...
remote:        Released v9
remote:        https://secret-anchorage-87421.herokuapp.com/ deployed to Heroku
remote:
remote: Verifying deploy.... done.
To https://git.heroku.com/secret-anchorage-87421.git
   340ec71..332d94f  master -> master
master!heroku_demo_deploy *> exit
exit
pikender@Pikenders-MacBook-Pro:~/elixir/heroku_demo_deploy$ heroku run mix ecto.migrate
Running mix ecto.migrate on secret-anchorage-87421... up, run.7409

12:36:05.180 [info]  == Running HerokuDemoDeploy.Repo.Migrations.CreateUser.change/0 forward

12:36:05.180 [info]  create table users

12:36:05.195 [info]  == Migrated in 0.1s
pikender@Pikenders-MacBook-Pro:~/elixir/heroku_demo_deploy$ vim config/prod.exs
pikender@Pikenders-MacBook-Pro:~/elixir/heroku_demo_deploy$ log
-bash: log: command not found
pikender@Pikenders-MacBook-Pro:~/elixir/heroku_demo_deploy$ git log
commit 332d94f3eba5667db7f2232ea1a1659ee853e56e
Author: Pikender Sharma <pikender@vinsol.com>
Date:   Fri Feb 12 18:04:28 2016 +0530

    Added Postgres add-on, migrate should work now

commit 340ec7169afbde810f31c83dc63e4c6ed0a4db73
Author: Pikender Sharma <pikender@vinsol.com>
Date:   Fri Feb 12 17:56:02 2016 +0530

    Use production config from Heroku ENV variables

commit 8c1c83415c6e7c7da38f912f260c5cbf66fe02f8
Author: Pikender Sharma <pikender@vinsol.com>
Date:   Fri Feb 12 13:37:58 2016 +0530

    Avoided Error **Could not find static manifest at**

commit 97d4a89bf3747bc8441979acc8e65bcd0e999525
Author: Pikender Sharma <pikender@vinsol.com>
Date:   Fri Feb 12 13:31:57 2016 +0530

    Check with only elixir buildpack

commit 2145ae071f8291f3f8efababcd7e909d6c3b7adf
Author: Pikender Sharma <pikender@vinsol.com>
Date:   Fri Feb 12 12:57:11 2016 +0530

    Use production config from Heroku ENV variables

commit 3c11ec9c3a232b86d78a4731b2bd3ae1f580e7f0
Author: Pikender Sharma <pikender@vinsol.com>
Date:   Fri Feb 12 12:47:54 2016 +0530

    Use production config from Heroku ENV variables

commit 5cd6fc8f2ba492321a5bdbe3783805ca49a9b57a
Author: Pikender Sharma <pikender@vinsol.com>
Date:   Fri Feb 12 12:46:45 2016 +0530

    Use production config from Heroku ENV variables

commit 6d311f91ce22a10c64d8226b8d2d97a0b17236c5
Author: Pikender Sharma <pikender@vinsol.com>
Date:   Fri Feb 12 12:37:30 2016 +0530

    Initial commit
pikender@Pikenders-MacBook-Pro:~/elixir/heroku_demo_deploy$
